Archive member included to satisfy reference by file (symbol)

/Applications/STM32CubeIDE.app/Contents/Eclipse/plugins/com.st.stm32cube.ide.mcu.externaltools.gnu-tools-for-stm32.12.3.rel1.macos64_1.0.100.202403111906/tools/bin/../lib/gcc/arm-none-eabi/12.3.1/../../../../arm-none-eabi/lib/thumb/v7-m/nofp/libc_nano.a(libc_a-exit.o)
                              /Applications/STM32CubeIDE.app/Contents/Eclipse/plugins/com.st.stm32cube.ide.mcu.externaltools.gnu-tools-for-stm32.12.3.rel1.macos64_1.0.100.202403111906/tools/bin/../lib/gcc/arm-none-eabi/12.3.1/../../../../arm-none-eabi/lib/thumb/v7-m/nofp/crt0.o (exit)
/Applications/STM32CubeIDE.app/Contents/Eclipse/plugins/com.st.stm32cube.ide.mcu.externaltools.gnu-tools-for-stm32.12.3.rel1.macos64_1.0.100.202403111906/tools/bin/../lib/gcc/arm-none-eabi/12.3.1/../../../../arm-none-eabi/lib/thumb/v7-m/nofp/libc_nano.a(libc_a-itoa.o)
                              ./Core/Src/oledController.o (itoa)
/Applications/STM32CubeIDE.app/Contents/Eclipse/plugins/com.st.stm32cube.ide.mcu.externaltools.gnu-tools-for-stm32.12.3.rel1.macos64_1.0.100.202403111906/tools/bin/../lib/gcc/arm-none-eabi/12.3.1/../../../../arm-none-eabi/lib/thumb/v7-m/nofp/libc_nano.a(libc_a-nano-vfprintf_float.o)
                              (_printf_float)
/Applications/STM32CubeIDE.app/Contents/Eclipse/plugins/com.st.stm32cube.ide.mcu.externaltools.gnu-tools-for-stm32.12.3.rel1.macos64_1.0.100.202403111906/tools/bin/../lib/gcc/arm-none-eabi/12.3.1/../../../../arm-none-eabi/lib/thumb/v7-m/nofp/libc_nano.a(libc_a-nano-vfprintf_i.o)
                              /Applications/STM32CubeIDE.app/Contents/Eclipse/plugins/com.st.stm32cube.ide.mcu.externaltools.gnu-tools-for-stm32.12.3.rel1.macos64_1.0.100.202403111906/tools/bin/../lib/gcc/arm-none-eabi/12.3.1/../../../../arm-none-eabi/lib/thumb/v7-m/nofp/libc_nano.a(libc_a-nano-vfprintf_float.o) (_printf_common)
/Applications/STM32CubeIDE.app/Contents/Eclipse/plugins/com.st.stm32cube.ide.mcu.externaltools.gnu-tools-for-stm32.12.3.rel1.macos64_1.0.100.202403111906/tools/bin/../lib/gcc/arm-none-eabi/12.3.1/../../../../arm-none-eabi/lib/thumb/v7-m/nofp/libc_nano.a(libc_a-sprintf.o)
                              ./Core/Src/oledController.o (sprintf)
/Applications/STM32CubeIDE.app/Contents/Eclipse/plugins/com.st.stm32cube.ide.mcu.externaltools.gnu-tools-for-stm32.12.3.rel1.macos64_1.0.100.202403111906/tools/bin/../lib/gcc/arm-none-eabi/12.3.1/../../../../arm-none-eabi/lib/thumb/v7-m/nofp/libc_nano.a(libc_a-findfp.o)
                              /Applications/STM32CubeIDE.app/Contents/Eclipse/plugins/com.st.stm32cube.ide.mcu.externaltools.gnu-tools-for-stm32.12.3.rel1.macos64_1.0.100.202403111906/tools/bin/../lib/gcc/arm-none-eabi/12.3.1/../../../../arm-none-eabi/lib/thumb/v7-m/nofp/libc_nano.a(libc_a-exit.o) (__stdio_exit_handler)
/Applications/STM32CubeIDE.app/Contents/Eclipse/plugins/com.st.stm32cube.ide.mcu.externaltools.gnu-tools-for-stm32.12.3.rel1.macos64_1.0.100.202403111906/tools/bin/../lib/gcc/arm-none-eabi/12.3.1/../../../../arm-none-eabi/lib/thumb/v7-m/nofp/libc_nano.a(libc_a-utoa.o)
                              /Applications/STM32CubeIDE.app/Contents/Eclipse/plugins/com.st.stm32cube.ide.mcu.externaltools.gnu-tools-for-stm32.12.3.rel1.macos64_1.0.100.202403111906/tools/bin/../lib/gcc/arm-none-eabi/12.3.1/../../../../arm-none-eabi/lib/thumb/v7-m/nofp/libc_nano.a(libc_a-itoa.o) (__utoa)
/Applications/STM32CubeIDE.app/Contents/Eclipse/plugins/com.st.stm32cube.ide.mcu.externaltools.gnu-tools-for-stm32.12.3.rel1.macos64_1.0.100.202403111906/tools/bin/../lib/gcc/arm-none-eabi/12.3.1/../../../../arm-none-eabi/lib/thumb/v7-m/nofp/libc_nano.a(libc_a-fwalk.o)
                              /Applications/STM32CubeIDE.app/Contents/Eclipse/plugins/com.st.stm32cube.ide.mcu.externaltools.gnu-tools-for-stm32.12.3.rel1.macos64_1.0.100.202403111906/tools/bin/../lib/gcc/arm-none-eabi/12.3.1/../../../../arm-none-eabi/lib/thumb/v7-m/nofp/libc_nano.a(libc_a-findfp.o) (_fwalk_sglue)
/Applications/STM32CubeIDE.app/Contents/Eclipse/plugins/com.st.stm32cube.ide.mcu.externaltools.gnu-tools-for-stm32.12.3.rel1.macos64_1.0.100.202403111906/tools/bin/../lib/gcc/arm-none-eabi/12.3.1/../../../../arm-none-eabi/lib/thumb/v7-m/nofp/libc_nano.a(libc_a-memset.o)
                              /Applications/STM32CubeIDE.app/Contents/Eclipse/plugins/com.st.stm32cube.ide.mcu.externaltools.gnu-tools-for-stm32.12.3.rel1.macos64_1.0.100.202403111906/tools/bin/../lib/gcc/arm-none-eabi/12.3.1/../../../../arm-none-eabi/lib/thumb/v7-m/nofp/crt0.o (memset)
/Applications/STM32CubeIDE.app/Contents/Eclipse/plugins/com.st.stm32cube.ide.mcu.externaltools.gnu-tools-for-stm32.12.3.rel1.macos64_1.0.100.202403111906/tools/bin/../lib/gcc/arm-none-eabi/12.3.1/../../../../arm-none-eabi/lib/thumb/v7-m/nofp/libc_nano.a(libc_a-localeconv.o)
[...]
Memory Configuration

Name             Origin             Length             Attributes
RAM              0x20000000         0x00005000         xrw
FLASH            0x08000000         0x00010000         xr
*default*        0x00000000         0xffffffff

Linker script and memory map

LOAD /Applications/STM32CubeIDE.app/Contents/Eclipse/plugins/com.st.stm32cube.ide.mcu.externaltools.gnu-tools-for-stm32.12.3.rel1.macos64_1.0.100.202403111906/tools/bin/../lib/gcc/arm-none-eabi/12.3.1/thumb/v7-m/nofp/crti.o
LOAD /Applications/STM32CubeIDE.app/Contents/Eclipse/plugins/com.st.stm32cube.ide.mcu.externaltools.gnu-tools-for-stm32.12.3.rel1.macos64_1.0.100.202403111906/tools/bin/../lib/gcc/arm-none-eabi/12.3.1/thumb/v7-m/nofp/crtbegin.o
LOAD /Applications/STM32CubeIDE.app/Contents/Eclipse/plugins/com.st.stm32cube.ide.mcu.externaltools.gnu-tools-for-stm32.12.3.rel1.macos64_1.0.100.202403111906/tools/bin/../lib/gcc/arm-none-eabi/12.3.1/../../../../arm-none-eabi/lib/thumb/v7-m/nofp/crt0.o
LOAD ./Core/Lib/Src/ds18b20.o
LOAD ./Core/Lib/Src/fonts.o
LOAD ./Core/Lib/Src/onewire.o
LOAD ./Core/Lib/Src/ssd1306.o
LOAD ./Core/Lib/Src/test.o
LOAD ./Core/Src/buttonController.o
LOAD ./Core/Src/fnd_controller.o
LOAD ./Core/Src/heaterController.o
LOAD ./Core/Src/ledController.o
LOAD ./Core/Src/main.o
LOAD ./Core/Src/oledController.o
LOAD ./Core/Src/stm32f1xx_hal_msp.o
LOAD ./Core/Src/stm32f1xx_it.o
LOAD ./Core/Src/syscalls.o
LOAD ./Core/Src/sysmem.o
LOAD ./Core/Src/system_stm32f1xx.o
LOAD ./Core/Src/utils.o
LOAD ./Core/Startup/startup_stm32f103c8tx.o
LOAD ./Drivers/STM32F1xx_HAL_Driver/Src/stm32f1xx_hal.o
LOAD ./Drivers/STM32F1xx_HAL_Driver/Src/stm32f1xx_hal_cortex.o
LOAD ./Drivers/STM32F1xx_HAL_Driver/Src/stm32f1xx_hal_dma.o
LOAD ./Drivers/STM32F1xx_HAL_Driver/Src/stm32f1xx_hal_exti.o
LOAD ./Drivers/STM32F1xx_HAL_Driver/Src/stm32f1xx_hal_flash.o
LOAD ./Drivers/STM32F1xx_HAL_Driver/Src/stm32f1xx_hal_flash_ex.o
LOAD ./Drivers/STM32F1xx_HAL_Driver/Src/stm32f1xx_hal_gpio.o
LOAD ./Drivers/STM32F1xx_HAL_Driver/Src/stm32f1xx_hal_gpio_ex.o
LOAD ./Drivers/STM32F1xx_HAL_Driver/Src/stm32f1xx_hal_i2c.o
LOAD ./Drivers/STM32F1xx_HAL_Driver/Src/stm32f1xx_hal_pwr.o
LOAD ./Drivers/STM32F1xx_HAL_Driver/Src/stm32f1xx_hal_rcc.o
LOAD ./Drivers/STM32F1xx_HAL_Driver/Src/stm32f1xx_hal_rcc_ex.o
LOAD ./Drivers/STM32F1xx_HAL_Driver/Src/stm32f1xx_hal_spi.o
LOAD ./Drivers/STM32F1xx_HAL_Driver/Src/stm32f1xx_hal_tim.o
LOAD ./Drivers/STM32F1xx_HAL_Driver/Src/stm32f1xx_hal_tim_ex.o
LOAD ./Drivers/STM32F1xx_HAL_Driver/Src/stm32f1xx_hal_uart.o
START GROUP
LOAD /Applications/STM32CubeIDE.app/Contents/Eclipse/plugins/com.st.stm32cube.ide.mcu.externaltools.gnu-tools-for-stm32.12.3.rel1.macos64_1.0.100.202403111906/tools/bin/../lib/gcc/arm-none-eabi/12.3.1/../../../../arm-none-eabi/lib/thumb/v7-m/nofp/libc_nano.a
LOAD /Applications/STM32CubeIDE.app/Contents/Eclipse/plugins/com.st.stm32cube.ide.mcu.externaltools.gnu-tools-for-stm32.12.3.rel1.macos64_1.0.100.202403111906/tools/bin/../lib/gcc/arm-none-eabi/12.3.1/../../../../arm-none-eabi/lib/thumb/v7-m/nofp/libm.a
END GROUP
START GROUP
LOAD /Applications/STM32CubeIDE.app/Contents/Eclipse/plugins/com.st.stm32cube.ide.mcu.externaltools.gnu-tools-for-stm32.12.3.rel1.macos64_1.0.100.202403111906/tools/bin/../lib/gcc/arm-none-eabi/12.3.1/thumb/v7-m/nofp/libgcc.a
LOAD /Applications/STM32CubeIDE.app/Contents/Eclipse/plugins/com.st.stm32cube.ide.mcu.externaltools.gnu-tools-for-stm32.12.3.rel1.macos64_1.0.100.202403111906/tools/bin/../lib/gcc/arm-none-eabi/12.3.1/../../../../arm-none-eabi/lib/thumb/v7-m/nofp/libc_nano.a
END GROUP
START GROUP
LOAD /Applications/STM32CubeIDE.app/Contents/Eclipse/plugins/com.st.stm32cube.ide.mcu.externaltools.gnu-tools-for-stm32.12.3.rel1.macos64_1.0.100.202403111906/tools/bin/../lib/gcc/arm-none-eabi/12.3.1/thumb/v7-m/nofp/libgcc.a
LOAD /Applications/STM32CubeIDE.app/Contents/Eclipse/plugins/com.st.stm32cube.ide.mcu.externaltools.gnu-tools-for-stm32.12.3.rel1.macos64_1.0.100.202403111906/tools/bin/../lib/gcc/arm-none-eabi/12.3.1/../../../../arm-none-eabi/lib/thumb/v7-m/nofp/libc_nano.a
LOAD /Applications/STM32CubeIDE.app/Contents/Eclipse/plugins/com.st.stm32cube.ide.mcu.externaltools.gnu-tools-for-stm32.12.3.rel1.macos64_1.0.100.202403111906/tools/bin/../lib/gcc/arm-none-eabi/12.3.1/../../../../arm-none-eabi/lib/thumb/v7-m/nofp/libnosys.a
END GROUP
START GROUP
LOAD /Applications/STM32CubeIDE.app/Contents/Eclipse/plugins/com.st.stm32cube.ide.mcu.externaltools.gnu-tools-for-stm32.12.3.rel1.macos64_1.0.100.202403111906/tools/bin/../lib/gcc/arm-none-eabi/12.3.1/thumb/v7-m/nofp/libgcc.a
LOAD /Applications/STM32CubeIDE.app/Contents/Eclipse/plugins/com.st.stm32cube.ide.mcu.externaltools.gnu-tools-for-stm32.12.3.rel1.macos64_1.0.100.202403111906/tools/bin/../lib/gcc/arm-none-eabi/12.3.1/../../../../arm-none-eabi/lib/thumb/v7-m/nofp/libc_nano.a
LOAD /Applications/STM32CubeIDE.app/Contents/Eclipse/plugins/com.st.stm32cube.ide.mcu.externaltools.gnu-tools-for-stm32.12.3.rel1.macos64_1.0.100.202403111906/tools/bin/../lib/gcc/arm-none-eabi/12.3.1/../../../../arm-none-eabi/lib/thumb/v7-m/nofp/libnosys.a
END GROUP
LOAD /Applications/STM32CubeIDE.app/Contents/Eclipse/plugins/com.st.stm32cube.ide.mcu.externaltools.gnu-tools-for-stm32.12.3.rel1.macos64_1.0.100.202403111906/tools/bin/../lib/gcc/arm-none-eabi/12.3.1/thumb/v7-m/nofp/crtend.o
LOAD /Applications/STM32CubeIDE.app/Contents/Eclipse/plugins/com.st.stm32cube.ide.mcu.externaltools.gnu-tools-for-stm32.12.3.rel1.macos64_1.0.100.202403111906/tools/bin/../lib/gcc/arm-none-eabi/12.3.1/thumb/v7-m/nofp/crtn.o
                0x20005000                        _estack = (ORIGIN (RAM) + LENGTH (RAM))
                0x00000200                        _Min_Heap_Size = 0x200
                0x00000400                        _Min_Stack_Size = 0x400

.isr_vector     0x08000000      0x10c
                0x08000000                        . = ALIGN (0x4)
 *(.isr_vector)
 .isr_vector    0x08000000      0x10c ./Core/Startup/startup_stm32f103c8tx.o
                0x08000000                g_pfnVectors
                0x0800010c                        . = ALIGN (0x4)

.text           0x08000110     0x8af8
                0x08000110                        . = ALIGN (0x4)
 *(.text)
 .text          0x08000110       0x40 /Applications/STM32CubeIDE.app/Contents/Eclipse/plugins/com.st.stm32cube.ide.mcu.externaltools.gnu-tools-for-stm32.12.3.rel1.macos64_1.0.100.202403111906/tools/bin/../lib/gcc/arm-none-eabi/12.3.1/thumb/v7-m/nofp/crtbegin.o
 .text          0x08000150       0x10 /Applications/STM32CubeIDE.app/Contents/Eclipse/plugins/com.st.stm32cube.ide.mcu.externaltools.gnu-tools-for-stm32.12.3.rel1.macos64_1.0.100.202403111906/tools/bin/../lib/gcc/arm-none-eabi/12.3.1/../../../../arm-none-eabi/lib/thumb/v7-m/nofp/libc_nano.a(libc_a-strlen.o)
                0x08000150                strlen
 .text          0x08000160      0x168 /Applications/STM32CubeIDE.app/Contents/Eclipse/plugins/com.st.stm32cube.ide.mcu.externaltools.gnu-tools-for-stm32.12.3.rel1.macos64_1.0.100.202403111906/tools/bin/../lib/gcc/arm-none-eabi/12.3.1/thumb/v7-m/nofp/libgcc.a(_arm_mulsf3.o)
                0x08000160                __mulsf3
                0x08000160                __aeabi_fmul
 .text          0x080002c8      0x378 /Applications/STM32CubeIDE.app/Contents/Eclipse/plugins/com.st.stm32cube.ide.mcu.externaltools.gnu-tools-for-stm32.12.3.rel1.macos64_1.0.100.202403111906/tools/bin/../lib/gcc/arm-none-eabi/12.3.1/thumb/v7-m/nofp/libgcc.a(_arm_addsubdf3.o)
                0x080002c8                __aeabi_drsub
                0x080002d0                __subdf3
                0x080002d0                __aeabi_dsub
                0x080002d4                __aeabi_dadd
                0x080002d4                __adddf3
                0x0800054c                __aeabi_ui2d
                0x0800054c                __floatunsidf
                0x0800056c                __floatsidf
                0x0800056c                __aeabi_i2d
                0x08000590                __extendsfdf2
                0x08000590                __aeabi_f2d
                0x080005d4                __aeabi_ul2d
                0x080005d4                __floatundidf
                0x080005e4                __aeabi_l2d
                0x080005e4                __floatdidf
 .text          0x08000640      0x424 /Applications/STM32CubeIDE.app/Contents/Eclipse/plugins/com.st.stm32cube.ide.mcu.externaltools.gnu-tools-for-stm32.12.3.rel1.macos64_1.0.100.202403111906/tools/bin/../lib/gcc/arm-none-eabi/12.3.1/thumb/v7-m/nofp/libgcc.a(_arm_muldivdf3.o)
                0x08000640                __aeabi_dmul
                0x08000640                __muldf3
                0x08000894                __aeabi_ddiv
                0x08000894                __divdf3
 .text          0x08000a64      0x110 /Applications/STM32CubeIDE.app/Contents/Eclipse/plugins/com.st.stm32cube.ide.mcu.externaltools.gnu-tools-for-stm32.12.3.rel1.macos64_1.0.100.202403111906/tools/bin/../lib/gcc/arm-none-eabi/12.3.1/thumb/v7-m/nofp/libgcc.a(_arm_cmpdf2.o)
                0x08000a64                __gedf2
                0x08000a64                __gtdf2
                0x08000a6c                __ledf2
                0x08000a6c                __ltdf2
                0x08000a74                __cmpdf2
                0x08000a74                __eqdf2
                0x08000a74                __nedf2
                0x08000af0                __aeabi_cdrcmple
                0x08000b00                __aeabi_cdcmple
                0x08000b00                __aeabi_cdcmpeq
                0x08000b10                __aeabi_dcmpeq
                0x08000b24                __aeabi_dcmplt
                0x08000b38                __aeabi_dcmple
                0x08000b4c                __aeabi_dcmpge
                0x08000b60                __aeabi_dcmpgt
 .text          0x08000b74       0x2c /Applications/STM32CubeIDE.app/Contents/Eclipse/plugins/com.st.stm32cube.ide.mcu.externaltools.gnu-tools-for-stm32.12.3.rel1.macos64_1.0.100.202403111906/tools/bin/../lib/gcc/arm-none-eabi/12.3.1/thumb/v7-m/nofp/libgcc.a(_arm_unorddf2.o)
                0x08000b74                __aeabi_dcmpun
                0x08000b74                __unorddf2
 .text          0x08000ba0       0x50 /Applications/STM32CubeIDE.app/Contents/Eclipse/plugins/com.st.stm32cube.ide.mcu.externaltools.gnu-tools-for-stm32.12.3.rel1.macos64_1.0.100.202403111906/tools/bin/../lib/gcc/arm-none-eabi/12.3.1/thumb/v7-m/nofp/libgcc.a(_arm_fixdfsi.o)
                0x08000ba0                __fixdfsi
                0x08000ba0                __aeabi_d2iz
 .text          0x08000bf0      0x21c /Applications/STM32CubeIDE.app/Contents/Eclipse/plugins/com.st.stm32cube.ide.mcu.externaltools.gnu-tools-for-stm32.12.3.rel1.macos64_1.0.100.202403111906/tools/bin/../lib/gcc/arm-none-eabi/12.3.1/thumb/v7-m/nofp/libgcc.a(_arm_addsubsf3.o)
                0x08000bf0                __aeabi_frsub
                0x08000bf8                __aeabi_fsub
                0x08000bf8                __subsf3
                0x08000bfc                __aeabi_fadd
                0x08000bfc                __addsf3
                0x08000d5c                __aeabi_ui2f
                0x08000d5c                __floatunsisf
                0x08000d64                __floatsisf
                0x08000d64                __aeabi_i2f
                0x08000d80                __aeabi_ul2f
                0x08000d80                __floatundisf
                0x08000d90                __aeabi_l2f
                0x08000d90                __floatdisf
 .text          0x08000e0c       0x4c /Applications/STM32CubeIDE.app/Contents/Eclipse/plugins/com.st.stm32cube.ide.mcu.externaltools.gnu-tools-for-stm32.12.3.rel1.macos64_1.0.100.202403111906/tools/bin/../lib/gcc/arm-none-eabi/12.3.1/thumb/v7-m/nofp/libgcc.a(_arm_fixsfsi.o)
                0x08000e0c                __fixsfsi
                0x08000e0c                __aeabi_f2iz
 *(.text*)
 .text.isTemperSensorInit
                0x08000e58       0x14 ./Core/Lib/Src/ds18b20.o
                0x08000e58                isTemperSensorInit
 .text.isBusy   0x08000e6c       0x10 ./Core/Lib/Src/ds18b20.o
                0x08000e6c                isBusy
 .text.isConverting
                0x08000e7c       0x14 ./Core/Lib/Src/ds18b20.o
                0x08000e7c                isConverting
 .text.Ds18b20_Init_Simple
                0x08000e90       0x88 ./Core/Lib/Src/ds18b20.o
                0x08000e90                Ds18b20_Init_Simple
 .text.StartConverting
                0x08000f18       0x2c ./Core/Lib/Src/ds18b20.o
                0x08000f18                StartConverting
 .text.checkConverting
                0x08000f44       0x38 ./Core/Lib/Src/ds18b20.o
                0x08000f44                checkConverting
 .text.getTemper
                0x08000f7c       0x40 ./Core/Lib/Src/ds18b20.o
                0x08000f7c                getTemper
 .text.DS18B20_StartAll
                0x08000fbc       0x26 ./Core/Lib/Src/ds18b20.o
                0x08000fbc                DS18B20_StartAll
 *fill*         0x08000fe2        0x2 
 .text.DS18B20_Read
                0x08000fe4      0x1e4 ./Core/Lib/Src/ds18b20.o
                0x08000fe4                DS18B20_Read
 .text.DS18B20_SetResolution
                0x080011c8      0x110 ./Core/Lib/Src/ds18b20.o
                0x080011c8                DS18B20_SetResolution
 .text.DS18B20_Is
                0x080012d8       0x20 ./Core/Lib/Src/ds18b20.o
                0x080012d8                DS18B20_Is
 .text.DS18B20_DisableAlarmTemperature
                0x080012f8       0xb6 ./Core/Lib/Src/ds18b20.o
                0x080012f8                DS18B20_DisableAlarmTemperature
 .text.DS18B20_AllDone
                0x080013ae       0x18 ./Core/Lib/Src/ds18b20.o
                0x080013ae                DS18B20_AllDone
 *fill*         0x080013c6        0x2 
 .text.getCurrentTemper
                0x080013c8       0x14 ./Core/Lib/Src/ds18b20.o
                0x080013c8                getCurrentTemper
 .text.isBusyLine
                0x080013dc       0x14 ./Core/Lib/Src/onewire.o
                0x080013dc                isBusyLine
 .text.ONEWIRE_DELAY
                0x080013f0       0x30 ./Core/Lib/Src/onewire.o
                0x080013f0                ONEWIRE_DELAY
 .text.ONEWIRE_LOW
                0x08001420       0x20 ./Core/Lib/Src/onewire.o
                0x08001420                ONEWIRE_LOW
 .text.ONEWIRE_HIGH
                0x08001440       0x1c ./Core/Lib/Src/onewire.o
                0x08001440                ONEWIRE_HIGH
 .text.ONEWIRE_INPUT
                0x0800145c       0x32 ./Core/Lib/Src/onewire.o
                0x0800145c                ONEWIRE_INPUT
 .text.ONEWIRE_OUTPUT
                0x0800148e       0x32 ./Core/Lib/Src/onewire.o
                0x0800148e                ONEWIRE_OUTPUT
 .text.OneWire_Init
                0x080014c0       0x68 ./Core/Lib/Src/onewire.o
                0x080014c0                OneWire_Init
 .text.OneWire_Reset
                0x08001528       0x64 ./Core/Lib/Src/onewire.o
                0x08001528                OneWire_Reset
 .text.OneWire_WriteBit
                0x0800158c       0xa4 ./Core/Lib/Src/onewire.o
                0x0800158c                OneWire_WriteBit
 .text.OneWire_ReadBit
                0x08001630       0x7c ./Core/Lib/Src/onewire.o
                0x08001630                OneWire_ReadBit
 .text.OneWire_WriteByte
                0x080016ac       0x3c ./Core/Lib/Src/onewire.o
                0x080016ac                OneWire_WriteByte
 .text.OneWire_ReadByte
                0x080016e8       0x42 ./Core/Lib/Src/onewire.o
                0x080016e8                OneWire_ReadByte
 .text.OneWire_SelectWithPointer
                0x0800172a       0x3e ./Core/Lib/Src/onewire.o
                0x0800172a                OneWire_SelectWithPointer
 .text.OneWire_GetFullROM
                0x08001768       0x38 ./Core/Lib/Src/onewire.o
                0x08001768                OneWire_GetFullROM
 .text.OneWire_CRC8
                0x080017a0       0x6e ./Core/Lib/Src/onewire.o
                0x080017a0                OneWire_CRC8
 .text.SSD1306_InvertDisplay
                0x0800180e       0x2c ./Core/Lib/Src/ssd1306.o
                0x0800180e                SSD1306_InvertDisplay
 .text.SSD1306_DrawBitmap
                0x0800183a       0xd0 ./Core/Lib/Src/ssd1306.o
                0x0800183a                SSD1306_DrawBitmap
 *fill*         0x0800190a        0x2 
 .text.SSD1306_Init
                0x0800190c      0x188 ./Core/Lib/Src/ssd1306.o
                0x0800190c                SSD1306_Init
 .text.SSD1306_UpdateScreen
                0x08001a94       0x5c ./Core/Lib/Src/ssd1306.o
                0x08001a94                SSD1306_UpdateScreen
 .text.SSD1306_Fill
                0x08001af0       0x30 ./Core/Lib/Src/ssd1306.o
                0x08001af0                SSD1306_Fill
 .text.SSD1306_DrawPixel
                0x08001b20       0xbc ./Core/Lib/Src/ssd1306.o
                0x08001b20                SSD1306_DrawPixel
 .text.SSD1306_GotoXY
                0x08001bdc       0x2c ./Core/Lib/Src/ssd1306.o
                0x08001bdc                SSD1306_GotoXY
 .text.SSD1306_Putc
                0x08001c08       0xfc ./Core/Lib/Src/ssd1306.o
                0x08001c08                SSD1306_Putc
 .text.SSD1306_Puts
                0x08001d04       0x4a ./Core/Lib/Src/ssd1306.o
                0x08001d04                SSD1306_Puts
 .text.SSD1306_Clear
                0x08001d4e       0x12 ./Core/Lib/Src/ssd1306.o
                0x08001d4e                SSD1306_Clear
 .text.ssd1306_I2C_Init
                0x08001d60       0x28 ./Core/Lib/Src/ssd1306.o
                0x08001d60                ssd1306_I2C_Init
 .text.ssd1306_I2C_WriteMulti
                0x08001d88       0xcc ./Core/Lib/Src/ssd1306.o
                0x08001d88                ssd1306_I2C_WriteMulti
 .text.ssd1306_I2C_Write
                0x08001e54       0x3c ./Core/Lib/Src/ssd1306.o
                0x08001e54                ssd1306_I2C_Write
 .text.checkButton
                0x08001e90       0x70 ./Core/Src/buttonController.o
                0x08001e90                checkButton
 .text.getSwState
                0x08001f00       0x24 ./Core/Src/buttonController.o
                0x08001f00                getSwState
 .text.init_fnd
                0x08001f24       0xd0 ./Core/Src/fnd_controller.o
                0x08001f24                init_fnd
 .text.send     0x08001ff4       0x24 ./Core/Src/fnd_controller.o
                0x08001ff4                send
 .text.send_port
                0x08002018       0x44 ./Core/Src/fnd_controller.o
                0x08002018                send_port
 .text.digit4_temper
                0x0800205c      0x158 ./Core/Src/fnd_controller.o
                0x0800205c                digit4_temper
 .text.heaterControl
                0x080021b4       0x54 ./Core/Src/heaterController.o
                0x080021b4                heaterControl
 .text.temper_up
                0x08002208       0x30 ./Core/Src/heaterController.o
                0x08002208                temper_up
 .text.temper_down
                0x08002238       0x30 ./Core/Src/heaterController.o
                0x08002238                temper_down
 .text.setFixedTemper
                0x08002268       0x1c ./Core/Src/heaterController.o
                0x08002268                setFixedTemper
 .text.getFixedTemper
                0x08002284       0x14 ./Core/Src/heaterController.o
                0x08002284                getFixedTemper
 .text.heaterOnOff
                0x08002298       0x4c ./Core/Src/heaterController.o
                0x08002298                heaterOnOff
 .text.getHeaterState
                0x080022e4       0x14 ./Core/Src/heaterController.o
                0x080022e4                getHeaterState
 .text.led1OnOff
                0x080022f8       0x38 ./Core/Src/ledController.o
                0x080022f8                led1OnOff
 .text.led2OnOff
                0x08002330       0x38 ./Core/Src/ledController.o
                0x08002330                led2OnOff
 .text._write   0x08002368       0x28 ./Core/Src/main.o
                0x08002368                _write
 .text.main     0x08002390       0xcc ./Core/Src/main.o
                0x08002390                main
 .text.SystemClock_Config
                0x0800245c       0x8a ./Core/Src/main.o
                0x0800245c                SystemClock_Config
 *fill*         0x080024e6        0x2 
 .text.MX_I2C2_Init
                0x080024e8       0x5c ./Core/Src/main.o
 .text.MX_SPI2_Init
                0x08002544       0x6c ./Core/Src/main.o
 .text.MX_TIM2_Init
                0x080025b0       0x98 ./Core/Src/main.o
 .text.MX_TIM3_Init
                0x08002648       0x98 ./Core/Src/main.o
 .text.MX_USART1_UART_Init
                0x080026e0       0x54 ./Core/Src/main.o
 .text.MX_GPIO_Init
                0x08002734      0x1b4 ./Core/Src/main.o
 .text.Error_Handler
                0x080028e8        0xc ./Core/Src/main.o
                0x080028e8                Error_Handler
 .text.opening  0x080028f4       0xe0 ./Core/Src/oledController.o
                0x080028f4                opening
 .text.toggleScreen
                0x080029d4       0x60 ./Core/Src/oledController.o
                0x080029d4                toggleScreen
 .text.startToggle
                0x08002a34       0x20 ./Core/Src/oledController.o
                0x08002a34                startToggle
 .text.printfDefault
                0x08002a54       0xb4 ./Core/Src/oledController.o
                0x08002a54                printfDefault
 .text.printfBackground
                0x08002b08       0x44 ./Core/Src/oledController.o
                0x08002b08                printfBackground
 .text.printTemperNoUpdate
                0x08002b4c       0x50 ./Core/Src/oledController.o
                0x08002b4c                printTemperNoUpdate
 .text.printTemper
                0x08002b9c       0x54 ./Core/Src/oledController.o
                0x08002b9c                printTemper
 .text.printHeaterState
                0x08002bf0       0x48 ./Core/Src/oledController.o
                0x08002bf0                printHeaterState
 .text.HAL_MspInit
                0x08002c38       0x64 ./Core/Src/stm32f1xx_hal_msp.o
                0x08002c38                HAL_MspInit
 .text.HAL_I2C_MspInit
                0x08002c9c       0x80 ./Core/Src/stm32f1xx_hal_msp.o
                0x08002c9c                HAL_I2C_MspInit
 .text.HAL_SPI_MspInit
                0x08002d1c       0x80 ./Core/Src/stm32f1xx_hal_msp.o
                0x08002d1c                HAL_SPI_MspInit
 .text.HAL_TIM_Base_MspInit
                0x08002d9c       0x80 ./Core/Src/stm32f1xx_hal_msp.o
                0x08002d9c                HAL_TIM_Base_MspInit
 .text.HAL_UART_MspInit
                0x08002e1c       0x98 ./Core/Src/stm32f1xx_hal_msp.o
                0x08002e1c                HAL_UART_MspInit
 .text.NMI_Handler
                0x08002eb4        0x8 ./Core/Src/stm32f1xx_it.o
                0x08002eb4                NMI_Handler
 .text.HardFault_Handler
                0x08002ebc        0x8 ./Core/Src/stm32f1xx_it.o
                0x08002ebc                HardFault_Handler
 .text.MemManage_Handler
                0x08002ec4        0x8 ./Core/Src/stm32f1xx_it.o
                0x08002ec4                MemManage_Handler
 .text.BusFault_Handler
                0x08002ecc        0x8 ./Core/Src/stm32f1xx_it.o
                0x08002ecc                BusFault_Handler
 .text.UsageFault_Handler
                0x08002ed4        0x8 ./Core/Src/stm32f1xx_it.o
                0x08002ed4                UsageFault_Handler
 .text.SVC_Handler
                0x08002edc        0xc ./Core/Src/stm32f1xx_it.o
                0x08002edc                SVC_Handler
 .text.DebugMon_Handler
                0x08002ee8        0xc ./Core/Src/stm32f1xx_it.o
                0x08002ee8                DebugMon_Handler
 .text.PendSV_Handler
                0x08002ef4        0xc ./Core/Src/stm32f1xx_it.o
                0x08002ef4                PendSV_Handler
 .text.SysTick_Handler
                0x08002f00        0xc ./Core/Src/stm32f1xx_it.o
                0x08002f00                SysTick_Handler
 .text.EXTI0_IRQHandler
                0x08002f0c       0x48 ./Core/Src/stm32f1xx_it.o
                0x08002f0c                EXTI0_IRQHandler
 .text.EXTI1_IRQHandler
                0x08002f54       0x48 ./Core/Src/stm32f1xx_it.o
                0x08002f54                EXTI1_IRQHandler
 .text.EXTI2_IRQHandler
                0x08002f9c       0x48 ./Core/Src/stm32f1xx_it.o
                0x08002f9c                EXTI2_IRQHandler
 .text.TIM2_IRQHandler
                0x08002fe4       0x14 ./Core/Src/stm32f1xx_it.o
                0x08002fe4                TIM2_IRQHandler
 .text.TIM3_IRQHandler
                0x08002ff8       0xa0 ./Core/Src/stm32f1xx_it.o
                0x08002ff8                TIM3_IRQHandler
 .text._getpid  0x08003098        0xe ./Core/Src/syscalls.o
                0x08003098                _getpid
 .text._kill    0x080030a6       0x20 ./Core/Src/syscalls.o
                0x080030a6                _kill
 .text._exit    0x080030c6       0x16 ./Core/Src/syscalls.o
                0x080030c6                _exit
 .text._read    0x080030dc       0x3a ./Core/Src/syscalls.o
                0x080030dc                _read
 .text._close   0x08003116       0x16 ./Core/Src/syscalls.o
                0x08003116                _close
 .text._fstat   0x0800312c       0x1e ./Core/Src/syscalls.o
                0x0800312c                _fstat
 .text._isatty  0x0800314a       0x14 ./Core/Src/syscalls.o
                0x0800314a                _isatty
 .text._lseek   0x0800315e       0x18 ./Core/Src/syscalls.o
                0x0800315e                _lseek
 *fill*         0x08003176        0x2 
 .text._sbrk    0x08003178       0x6c ./Core/Src/sysmem.o
                0x08003178                _sbrk
 .text.SystemInit
                0x080031e4        0xc ./Core/Src/system_stm32f1xx.o
                0x080031e4                SystemInit
 .text.Reset_Handler
                0x080031f0       0x48 ./Core/Startup/startup_stm32f103c8tx.o
                0x080031f0                Reset_Handler
 .text.Default_Handler
                0x08003238        0x2 ./Core/Startup/startup_stm32f103c8tx.o
                0x08003238                USBWakeUp_IRQHandler
                0x08003238                TIM1_CC_IRQHandler
                0x08003238                PVD_IRQHandler
                0x08003238                EXTI3_IRQHandler
                0x08003238                I2C2_EV_IRQHandler
                0x08003238                ADC1_2_IRQHandler
                0x08003238                SPI1_IRQHandler
                0x08003238                TAMPER_IRQHandler
                0x08003238                DMA1_Channel4_IRQHandler
                0x08003238                USART3_IRQHandler
                0x08003238                RTC_IRQHandler
                0x08003238                DMA1_Channel7_IRQHandler
                0x08003238                CAN1_RX1_IRQHandler
                0x08003238                TIM4_IRQHandler
                0x08003238                I2C1_EV_IRQHandler
                0x08003238                DMA1_Channel6_IRQHandler
                0x08003238                RCC_IRQHandler
                0x08003238                TIM1_TRG_COM_IRQHandler
                0x08003238                DMA1_Channel1_IRQHandler
                0x08003238                Default_Handler
                0x08003238                EXTI15_10_IRQHandler
                0x08003238                EXTI9_5_IRQHandler
                0x08003238                SPI2_IRQHandler
                0x08003238                DMA1_Channel5_IRQHandler
                0x08003238                EXTI4_IRQHandler
                0x08003238                USB_LP_CAN1_RX0_IRQHandler
                0x08003238                USB_HP_CAN1_TX_IRQHandler
                0x08003238                DMA1_Channel3_IRQHandler
                0x08003238                TIM1_UP_IRQHandler
                0x08003238                WWDG_IRQHandler
                0x08003238                TIM1_BRK_IRQHandler
                0x08003238                USART2_IRQHandler
                0x08003238                I2C2_ER_IRQHandler
                0x08003238                DMA1_Channel2_IRQHandler
                0x08003238                CAN1_SCE_IRQHandler
                0x08003238                FLASH_IRQHandler
                0x08003238                USART1_IRQHandler
                0x08003238                I2C1_ER_IRQHandler
                0x08003238                RTC_Alarm_IRQHandler
 *fill*         0x0800323a        0x2 
 .text.HAL_Init
                0x0800323c       0x2c ./Drivers/STM32F1xx_HAL_Driver/Src/stm32f1xx_hal.o
                0x0800323c                HAL_Init
 .text.HAL_InitTick
                0x08003268       0x60 ./Drivers/STM32F1xx_HAL_Driver/Src/stm32f1xx_hal.o
                0x08003268                HAL_InitTick
 .text.HAL_IncTick
                0x080032c8       0x24 ./Drivers/STM32F1xx_HAL_Driver/Src/stm32f1xx_hal.o
                0x080032c8                HAL_IncTick
 .text.HAL_GetTick
                0x080032ec       0x14 ./Drivers/STM32F1xx_HAL_Driver/Src/stm32f1xx_hal.o
                0x080032ec                HAL_GetTick
 .text.HAL_Delay
                0x08003300       0x48 ./Drivers/STM32F1xx_HAL_Driver/Src/stm32f1xx_hal.o
                0x08003300                HAL_Delay
 .text.__NVIC_SetPriorityGrouping
                0x08003348       0x48 ./Drivers/STM32F1xx_HAL_Driver/Src/stm32f1xx_hal_cortex.o
 .text.__NVIC_GetPriorityGrouping
                0x08003390       0x1c ./Drivers/STM32F1xx_HAL_Driver/Src/stm32f1xx_hal_cortex.o
 .text.__NVIC_EnableIRQ
                0x080033ac       0x38 ./Drivers/STM32F1xx_HAL_Driver/Src/stm32f1xx_hal_cortex.o
 .text.__NVIC_SetPriority
                0x080033e4       0x54 ./Drivers/STM32F1xx_HAL_Driver/Src/stm32f1xx_hal_cortex.o
 .text.NVIC_EncodePriority
                0x08003438       0x64 ./Drivers/STM32F1xx_HAL_Driver/Src/stm32f1xx_hal_cortex.o
 .text.SysTick_Config
                0x0800349c       0x44 ./Drivers/STM32F1xx_HAL_Driver/Src/stm32f1xx_hal_cortex.o
 .text.HAL_NVIC_SetPriorityGrouping
                0x080034e0       0x16 ./Drivers/STM32F1xx_HAL_Driver/Src/stm32f1xx_hal_cortex.o
                0x080034e0                HAL_NVIC_SetPriorityGrouping
 .text.HAL_NVIC_SetPriority
                0x080034f6       0x38 ./Drivers/STM32F1xx_HAL_Driver/Src/stm32f1xx_hal_cortex.o
                0x080034f6                HAL_NVIC_SetPriority
 .text.HAL_NVIC_EnableIRQ
                0x0800352e       0x1c ./Drivers/STM32F1xx_HAL_Driver/Src/stm32f1xx_hal_cortex.o
                0x0800352e                HAL_NVIC_EnableIRQ
 .text.HAL_SYSTICK_Config
                0x0800354a       0x18 ./Drivers/STM32F1xx_HAL_Driver/Src/stm32f1xx_hal_cortex.o
                0x0800354a                HAL_SYSTICK_Config
 *fill*         0x08003562        0x2 
 .text.HAL_GPIO_Init
                0x08003564      0x308 ./Drivers/STM32F1xx_HAL_Driver/Src/stm32f1xx_hal_gpio.o
                0x08003564                HAL_GPIO_Init
 .text.HAL_GPIO_ReadPin
                0x0800386c       0x2e ./Drivers/STM32F1xx_HAL_Driver/Src/stm32f1xx_hal_gpio.o
                0x0800386c                HAL_GPIO_ReadPin
 .text.HAL_GPIO_WritePin
                0x0800389a       0x30 ./Drivers/STM32F1xx_HAL_Driver/Src/stm32f1xx_hal_gpio.o
                0x0800389a                HAL_GPIO_WritePin
 *fill*         0x080038ca        0x2 
 .text.HAL_GPIO_EXTI_IRQHandler
                0x080038cc       0x30 ./Drivers/STM32F1xx_HAL_Driver/Src/stm32f1xx_hal_gpio.o
                0x080038cc                HAL_GPIO_EXTI_IRQHandler
 .text.HAL_GPIO_EXTI_Callback
                0x080038fc       0x14 ./Drivers/STM32F1xx_HAL_Driver/Src/stm32f1xx_hal_gpio.o
                0x080038fc                HAL_GPIO_EXTI_Callback
 .text.HAL_I2C_Init
                0x08003910      0x288 ./Drivers/STM32F1xx_HAL_Driver/Src/stm32f1xx_hal_i2c.o
                0x08003910                HAL_I2C_Init
 .text.HAL_I2C_Master_Transmit
                0x08003b98      0x1fc ./Drivers/STM32F1xx_HAL_Driver/Src/stm32f1xx_hal_i2c.o
                0x08003b98                HAL_I2C_Master_Transmit
 .text.HAL_I2C_IsDeviceReady
                0x08003d94      0x25c ./Drivers/STM32F1xx_HAL_Driver/Src/stm32f1xx_hal_i2c.o
                0x08003d94                HAL_I2C_IsDeviceReady
 .text.I2C_MasterRequestWrite
                0x08003ff0      0x104 ./Drivers/STM32F1xx_HAL_Driver/Src/stm32f1xx_hal_i2c.o
 .text.I2C_WaitOnFlagUntilTimeout
                0x080040f4       0xf4 ./Drivers/STM32F1xx_HAL_Driver/Src/stm32f1xx_hal_i2c.o
 .text.I2C_WaitOnMasterAddressFlagUntilTimeout
                0x080041e8      0x140 ./Drivers/STM32F1xx_HAL_Driver/Src/stm32f1xx_hal_i2c.o
 .text.I2C_WaitOnTXEFlagUntilTimeout
                0x08004328       0x90 ./Drivers/STM32F1xx_HAL_Driver/Src/stm32f1xx_hal_i2c.o
 .text.I2C_WaitOnBTFFlagUntilTimeout
                0x080043b8       0x90 ./Drivers/STM32F1xx_HAL_Driver/Src/stm32f1xx_hal_i2c.o
 .text.I2C_IsAcknowledgeFailed
                0x08004448       0x5c ./Drivers/STM32F1xx_HAL_Driver/Src/stm32f1xx_hal_i2c.o
 .text.HAL_RCC_OscConfig
                0x080044a4      0x504 ./Drivers/STM32F1xx_HAL_Driver/Src/stm32f1xx_hal_rcc.o
                0x080044a4                HAL_RCC_OscConfig
 .text.HAL_RCC_ClockConfig
                0x080049a8      0x1d4 ./Drivers/STM32F1xx_HAL_Driver/Src/stm32f1xx_hal_rcc.o
                0x080049a8                HAL_RCC_ClockConfig
 .text.HAL_RCC_GetSysClockFreq
                0x08004b7c       0xa8 ./Drivers/STM32F1xx_HAL_Driver/Src/stm32f1xx_hal_rcc.o
                0x08004b7c                HAL_RCC_GetSysClockFreq
 .text.HAL_RCC_GetHCLKFreq
                0x08004c24       0x14 ./Drivers/STM32F1xx_HAL_Driver/Src/stm32f1xx_hal_rcc.o
                0x08004c24                HAL_RCC_GetHCLKFreq
 .text.HAL_RCC_GetPCLK1Freq
                0x08004c38       0x28 ./Drivers/STM32F1xx_HAL_Driver/Src/stm32f1xx_hal_rcc.o
                0x08004c38                HAL_RCC_GetPCLK1Freq
 .text.HAL_RCC_GetPCLK2Freq
                0x08004c60       0x28 ./Drivers/STM32F1xx_HAL_Driver/Src/stm32f1xx_hal_rcc.o
                0x08004c60                HAL_RCC_GetPCLK2Freq
 .text.RCC_Delay
                0x08004c88       0x3c ./Drivers/STM32F1xx_HAL_Driver/Src/stm32f1xx_hal_rcc.o
 .text.HAL_SPI_Init
                0x08004cc4      0x108 ./Drivers/STM32F1xx_HAL_Driver/Src/stm32f1xx_hal_spi.o
                0x08004cc4                HAL_SPI_Init
 .text.HAL_SPI_Transmit
                0x08004dcc      0x288 ./Drivers/STM32F1xx_HAL_Driver/Src/stm32f1xx_hal_spi.o
                0x08004dcc                HAL_SPI_Transmit
 .text.SPI_WaitFlagStateUntilTimeout
                0x08005054      0x110 ./Drivers/STM32F1xx_HAL_Driver/Src/stm32f1xx_hal_spi.o
 .text.SPI_EndRxTxTransaction
                0x08005164       0x62 ./Drivers/STM32F1xx_HAL_Driver/Src/stm32f1xx_hal_spi.o
 .text.HAL_TIM_Base_Init
                0x080051c6       0x9e ./Drivers/STM32F1xx_HAL_Driver/Src/stm32f1xx_hal_tim.o
                0x080051c6                HAL_TIM_Base_Init
 .text.HAL_TIM_Base_Start
                0x08005264       0x94 ./Drivers/STM32F1xx_HAL_Driver/Src/stm32f1xx_hal_tim.o
                0x08005264                HAL_TIM_Base_Start
 .text.HAL_TIM_Base_Start_IT
                0x080052f8       0xa4 ./Drivers/STM32F1xx_HAL_Driver/Src/stm32f1xx_hal_tim.o
                0x080052f8                HAL_TIM_Base_Start_IT
 .text.HAL_TIM_IRQHandler
                0x0800539c      0x1e0 ./Drivers/STM32F1xx_HAL_Driver/Src/stm32f1xx_hal_tim.o
                0x0800539c                HAL_TIM_IRQHandler
 .text.HAL_TIM_ConfigClockSource
                0x0800557c      0x18e ./Drivers/STM32F1xx_HAL_Driver/Src/stm32f1xx_hal_tim.o
                0x0800557c                HAL_TIM_ConfigClockSource
 .text.HAL_TIM_PeriodElapsedCallback
                0x0800570a       0x12 ./Drivers/STM32F1xx_HAL_Driver/Src/stm32f1xx_hal_tim.o
                0x0800570a                HAL_TIM_PeriodElapsedCallback
 .text.HAL_TIM_OC_DelayElapsedCallback
                0x0800571c       0x12 ./Drivers/STM32F1xx_HAL_Driver/Src/stm32f1xx_hal_tim.o
                0x0800571c                HAL_TIM_OC_DelayElapsedCallback
 .text.HAL_TIM_IC_CaptureCallback
                0x0800572e       0x12 ./Drivers/STM32F1xx_HAL_Driver/Src/stm32f1xx_hal_tim.o
                0x0800572e                HAL_TIM_IC_CaptureCallback
 .text.HAL_TIM_PWM_PulseFinishedCallback
                0x08005740       0x12 ./Drivers/STM32F1xx_HAL_Driver/Src/stm32f1xx_hal_tim.o
                0x08005740                HAL_TIM_PWM_PulseFinishedCallback
 .text.HAL_TIM_TriggerCallback
                0x08005752       0x12 ./Drivers/STM32F1xx_HAL_Driver/Src/stm32f1xx_hal_tim.o
                0x08005752                HAL_TIM_TriggerCallback
 .text.TIM_Base_SetConfig
                0x08005764       0xdc ./Drivers/STM32F1xx_HAL_Driver/Src/stm32f1xx_hal_tim.o
                0x08005764                TIM_Base_SetConfig
 .text.TIM_TI1_ConfigInputStage
                0x08005840       0x5c ./Drivers/STM32F1xx_HAL_Driver/Src/stm32f1xx_hal_tim.o
 .text.TIM_TI2_ConfigInputStage
                0x0800589c       0x5e ./Drivers/STM32F1xx_HAL_Driver/Src/stm32f1xx_hal_tim.o
 .text.TIM_ITRx_SetConfig
                0x080058fa       0x34 ./Drivers/STM32F1xx_HAL_Driver/Src/stm32f1xx_hal_tim.o
 .text.TIM_ETR_SetConfig
                0x0800592e       0x3e ./Drivers/STM32F1xx_HAL_Driver/Src/stm32f1xx_hal_tim.o
                0x0800592e                TIM_ETR_SetConfig
 .text.HAL_TIMEx_MasterConfigSynchronization
                0x0800596c       0xbc ./Drivers/STM32F1xx_HAL_Driver/Src/stm32f1xx_hal_tim_ex.o
                0x0800596c                HAL_TIMEx_MasterConfigSynchronization
 .text.HAL_TIMEx_CommutCallback
                0x08005a28       0x12 ./Drivers/STM32F1xx_HAL_Driver/Src/stm32f1xx_hal_tim_ex.o
                0x08005a28                HAL_TIMEx_CommutCallback
 .text.HAL_TIMEx_BreakCallback
                0x08005a3a       0x12 ./Drivers/STM32F1xx_HAL_Driver/Src/stm32f1xx_hal_tim_ex.o
                0x08005a3a                HAL_TIMEx_BreakCallback
 .text.HAL_UART_Init
                0x08005a4c       0xa0 ./Drivers/STM32F1xx_HAL_Driver/Src/stm32f1xx_hal_uart.o
                0x08005a4c                HAL_UART_Init
 .text.HAL_UART_Transmit
                0x08005aec      0x116 ./Drivers/STM32F1xx_HAL_Driver/Src/stm32f1xx_hal_uart.o
                0x08005aec                HAL_UART_Transmit
 .text.UART_WaitOnFlagUntilTimeout
                0x08005c02       0xb2 ./Drivers/STM32F1xx_HAL_Driver/Src/stm32f1xx_hal_uart.o
 .text.UART_EndRxTransfer
                0x08005cb4       0xc4 ./Drivers/STM32F1xx_HAL_Driver/Src/stm32f1xx_hal_uart.o
 .text.UART_SetConfig
                0x08005d78      0x11c ./Drivers/STM32F1xx_HAL_Driver/Src/stm32f1xx_hal_uart.o
 .text.__itoa   0x08005e94       0x30 /Applications/STM32CubeIDE.app/Contents/Eclipse/plugins/com.st.stm32cube.ide.mcu.externaltools.gnu-tools-for-stm32.12.3.rel1.macos64_1.0.100.202403111906/tools/bin/../lib/gcc/arm-none-eabi/12.3.1/../../../../arm-none-eabi/lib/thumb/v7-m/nofp/libc_nano.a(libc_a-itoa.o)
                0x08005e94                __itoa
 .text.itoa     0x08005ec4        0x4 /Applications/STM32CubeIDE.app/Contents/Eclipse/plugins/com.st.stm32cube.ide.mcu.externaltools.gnu-tools-for-stm32.12.3.rel1.macos64_1.0.100.202403111906/tools/bin/../lib/gcc/arm-none-eabi/12.3.1/../../../../arm-none-eabi/lib/thumb/v7-m/nofp/libc_nano.a(libc_a-itoa.o)
                0x08005ec4                itoa
 .text.__cvt    0x08005ec8       0xc8 /Applications/STM32CubeIDE.app/Contents/Eclipse/plugins/com.st.stm32cube.ide.mcu.externaltools.gnu-tools-for-stm32.12.3.rel1.macos64_1.0.100.202403111906/tools/bin/../lib/gcc/arm-none-eabi/12.3.1/../../../../arm-none-eabi/lib/thumb/v7-m/nofp/libc_nano.a(libc_a-nano-vfprintf_float.o)
                0x08005ec8                __cvt
 .text.__exponent
                0x08005f90       0x74 /Applications/STM32CubeIDE.app/Contents/Eclipse/plugins/com.st.stm32cube.ide.mcu.externaltools.gnu-tools-for-stm32.12.3.rel1.macos64_1.0.100.202403111906/tools/bin/../lib/gcc/arm-none-eabi/12.3.1/../../../../arm-none-eabi/lib/thumb/v7-m/nofp/libc_nano.a(libc_a-nano-vfprintf_float.o)
                0x08005f90                __exponent
 .text._printf_float
                0x08006004      0x458 /Applications/STM32CubeIDE.app/Contents/Eclipse/plugins/com.st.stm32cube.ide.mcu.externaltools.gnu-tools-for-stm32.12.3.rel1.macos64_1.0.100.202403111906/tools/bin/../lib/gcc/arm-none-eabi/12.3.1/../../../../arm-none-eabi/lib/thumb/v7-m/nofp/libc_nano.a(libc_a-nano-vfprintf_float.o)
                0x08006004                _printf_float
 .text._printf_common
                0x0800645c       0xe4 /Applications/STM32CubeIDE.app/Contents/Eclipse/plugins/com.st.stm32cube.ide.mcu.externaltools.gnu-tools-for-stm32.12.3.rel1.macos64_1.0.100.202403111906/tools/bin/../lib/gcc/arm-none-eabi/12.3.1/../../../../arm-none-eabi/lib/thumb/v7-m/nofp/libc_nano.a(libc_a-nano-vfprintf_i.o)
                0x0800645c                _printf_common
 .text._printf_i
                0x08006540      0x240 /Applications/STM32CubeIDE.app/Contents/Eclipse/plugins/com.st.stm32cube.ide.mcu.externaltools.gnu-tools-for-stm32.12.3.rel1.macos64_1.0.100.202403111906/tools/bin/../lib/gcc/arm-none-eabi/12.3.1/../../../../arm-none-eabi/lib/thumb/v7-m/nofp/libc_nano.a(libc_a-nano-vfprintf_i.o)
                0x08006540                _printf_i
 .text.sprintf  0x08006780       0x40 /Applications/STM32CubeIDE.app/Contents/Eclipse/plugins/com.st.stm32cube.ide.mcu.externaltools.gnu-tools-for-stm32.12.3.rel1.macos64_1.0.100.202403111906/tools/bin/../lib/gcc/arm-none-eabi/12.3.1/../../../../arm-none-eabi/lib/thumb/v7-m/nofp/libc_nano.a(libc_a-sprintf.o)
                0x08006780                sprintf
                0x08006780                siprintf
 .text.std      0x080067c0       0x6c /Applications/STM32CubeIDE.app/Contents/Eclipse/plugins/com.st.stm32cube.ide.mcu.externaltools.gnu-tools-for-stm32.12.3.rel1.macos64_1.0.100.202403111906/tools/bin/../lib/gcc/arm-none-eabi/12.3.1/../../../../arm-none-eabi/lib/thumb/v7-m/nofp/libc_nano.a(libc_a-findfp.o)
 .text.stdio_exit_handler
                0x0800682c       0x18 /Applications/STM32CubeIDE.app/Contents/Eclipse/plugins/com.st.stm32cube.ide.mcu.externaltools.gnu-tools-for-stm32.12.3.rel1.macos64_1.0.100.202403111906/tools/bin/../lib/gcc/arm-none-eabi/12.3.1/../../../../arm-none-eabi/lib/thumb/v7-m/nofp/libc_nano.a(libc_a-findfp.o)
 .text.cleanup_stdio
                0x08006844       0x40 /Applications/STM32CubeIDE.app/Contents/Eclipse/plugins/com.st.stm32cube.ide.mcu.externaltools.gnu-tools-for-stm32.12.3.rel1.macos64_1.0.100.202403111906/tools/bin/../lib/gcc/arm-none-eabi/12.3.1/../../../../arm-none-eabi/lib/thumb/v7-m/nofp/libc_nano.a(libc_a-findfp.o)
 .text.global_stdio_init.part.0
                0x08006884       0x3c /Applications/STM32CubeIDE.app/Contents/Eclipse/plugins/com.st.stm32cube.ide.mcu.externaltools.gnu-tools-for-stm32.12.3.rel1.macos64_1.0.100.202403111906/tools/bin/../lib/gcc/arm-none-eabi/12.3.1/../../../../arm-none-eabi/lib/thumb/v7-m/nofp/libc_nano.a(libc_a-findfp.o)
 .text.__sfp_lock_acquire
                0x080068c0        0xc /Applications/STM32CubeIDE.app/Contents/Eclipse/plugins/com.st.stm32cube.ide.mcu.externaltools.gnu-tools-for-stm32.12.3.rel1.macos64_1.0.100.202403111906/tools/bin/../lib/gcc/arm-none-eabi/12.3.1/../../../../arm-none-eabi/lib/thumb/v7-m/nofp/libc_nano.a(libc_a-findfp.o)
                0x080068c0                __sfp_lock_acquire
 .text.__sfp_lock_release
                0x080068cc        0xc /Applications/STM32CubeIDE.app/Contents/Eclipse/plugins/com.st.stm32cube.ide.mcu.externaltools.gnu-tools-for-stm32.12.3.rel1.macos64_1.0.100.202403111906/tools/bin/../lib/gcc/arm-none-eabi/12.3.1/../../../../arm-none-eabi/lib/thumb/v7-m/nofp/libc_nano.a(libc_a-findfp.o)
                0x080068cc                __sfp_lock_release
 .text.__sinit  0x080068d8       0x30 /Applications/STM32CubeIDE.app/Contents/Eclipse/plugins/com.st.stm32cube.ide.mcu.externaltools.gnu-tools-for-stm32.12.3.rel1.macos64_1.0.100.202403111906/tools/bin/../lib/gcc/arm-none-eabi/12.3.1/../../../../arm-none-eabi/lib/thumb/v7-m/nofp/libc_nano.a(libc_a-findfp.o)
                0x080068d8                __sinit
 .text.__utoa   0x08006908       0x84 /Applications/STM32CubeIDE.app/Contents/Eclipse/plugins/com.st.stm32cube.ide.mcu.externaltools.gnu-tools-for-stm32.12.3.rel1.macos64_1.0.100.202403111906/tools/bin/../lib/gcc/arm-none-eabi/12.3.1/../../../../arm-none-eabi/lib/thumb/v7-m/nofp/libc_nano.a(libc_a-utoa.o)
                0x08006908                __utoa
 .text._fwalk_sglue
                0x0800698c       0x3c /Applications/STM32CubeIDE.app/Contents/Eclipse/plugins/com.st.stm32cube.ide.mcu.externaltools.gnu-tools-for-stm32.12.3.rel1.macos64_1.0.100.202403111906/tools/bin/../lib/gcc/arm-none-eabi/12.3.1/../../../../arm-none-eabi/lib/thumb/v7-m/nofp/libc_nano.a(libc_a-fwalk.o)
                0x0800698c                _fwalk_sglue
 .text.memset   0x080069c8       0x10 /Applications/STM32CubeIDE.app/Contents/Eclipse/plugins/com.st.stm32cube.ide.mcu.externaltools.gnu-tools-for-stm32.12.3.rel1.macos64_1.0.100.202403111906/tools/bin/../lib/gcc/arm-none-eabi/12.3.1/../../../../arm-none-eabi/lib/thumb/v7-m/nofp/libc_nano.a(libc_a-memset.o)
                0x080069c8                memset
 .text._localeconv_r
                0x080069d8        0x8 /Applications/STM32CubeIDE.app/Contents/Eclipse/plugins/com.st.stm32cube.ide.mcu.externaltools.gnu-tools-for-stm32.12.3.rel1.macos64_1.0.100.202403111906/tools/bin/../lib/gcc/arm-none-eabi/12.3.1/../../../../arm-none-eabi/lib/thumb/v7-m/nofp/libc_nano.a(libc_a-localeconv.o)
                0x080069d8                _localeconv_r
 .text.__errno  0x080069e0        0xc /Applications/STM32CubeIDE.app/Contents/Eclipse/plugins/com.st.stm32cube.ide.mcu.externaltools.gnu-tools-for-stm32.12.3.rel1.macos64_1.0.100.202403111906/tools/bin/../lib/gcc/arm-none-eabi/12.3.1/../../../../arm-none-eabi/lib/thumb/v7-m/nofp/libc_nano.a(libc_a-errno.o)
                0x080069e0                __errno
 .text.__libc_init_array
                0x080069ec       0x48 /Applications/STM32CubeIDE.app/Contents/Eclipse/plugins/com.st.stm32cube.ide.mcu.externaltools.gnu-tools-for-stm32.12.3.rel1.macos64_1.0.100.202403111906/tools/bin/../lib/gcc/arm-none-eabi/12.3.1/../../../../arm-none-eabi/lib/thumb/v7-m/nofp/libc_nano.a(libc_a-init.o)
                0x080069ec                __libc_init_array
 .text.__retarget_lock_init_recursive
                0x08006a34        0x2 /Applications/STM32CubeIDE.app/Contents/Eclipse/plugins/com.st.stm32cube.ide.mcu.externaltools.gnu-tools-for-stm32.12.3.rel1.macos64_1.0.100.202403111906/tools/bin/../lib/gcc/arm-none-eabi/12.3.1/../../../../arm-none-eabi/lib/thumb/v7-m/nofp/libc_nano.a(libc_a-lock.o)
                0x08006a34                __retarget_lock_init_recursive
 .text.__retarget_lock_acquire_recursive
                0x08006a36        0x2 /Applications/STM32CubeIDE.app/Contents/Eclipse/plugins/com.st.stm32cube.ide.mcu.externaltools.gnu-tools-for-stm32.12.3.rel1.macos64_1.0.100.202403111906/tools/bin/../lib/gcc/arm-none-eabi/12.3.1/../../../../arm-none-eabi/lib/thumb/v7-m/nofp/libc_nano.a(libc_a-lock.o)
                0x08006a36                __retarget_lock_acquire_recursive
 .text.__retarget_lock_release_recursive
                0x08006a38        0x2 /Applications/STM32CubeIDE.app/Contents/Eclipse/plugins/com.st.stm32cube.ide.mcu.externaltools.gnu-tools-for-stm32.12.3.rel1.macos64_1.0.100.202403111906/tools/bin/../lib/gcc/arm-none-eabi/12.3.1/../../../../arm-none-eabi/lib/thumb/v7-m/nofp/libc_nano.a(libc_a-lock.o)
                0x08006a38                __retarget_lock_release_recursive
 .text.memchr   0x08006a3a       0x1c /Applications/STM32CubeIDE.app/Contents/Eclipse/plugins/com.st.stm32cube.ide.mcu.externaltools.gnu-tools-for-stm32.12.3.rel1.macos64_1.0.100.202403111906/tools/bin/../lib/gcc/arm-none-eabi/12.3.1/../../../../arm-none-eabi/lib/thumb/v7-m/nofp/libc_nano.a(libc_a-memchr-stub.o)
                0x08006a3a                memchr
 .text.quorem   0x08006a56      0x110 /Applications/STM32CubeIDE.app/Contents/Eclipse/plugins/com.st.stm32cube.ide.mcu.externaltools.gnu-tools-for-stm32.12.3.rel1.macos64_1.0.100.202403111906/tools/bin/../lib/gcc/arm-none-eabi/12.3.1/../../../../arm-none-eabi/lib/thumb/v7-m/nofp/libc_nano.a(libc_a-dtoa.o)
 *fill*         0x08006b66        0x2 
 .text._dtoa_r  0x08006b68      0xb90 /Applications/STM32CubeIDE.app/Contents/Eclipse/plugins/com.st.stm32cube.ide.mcu.externaltools.gnu-tools-for-stm32.12.3.rel1.macos64_1.0.100.202403111906/tools/bin/../lib/gcc/arm-none-eabi/12.3.1/../../../../arm-none-eabi/lib/thumb/v7-m/nofp/libc_nano.a(libc_a-dtoa.o)
                0x08006b68                _dtoa_r
 .text.__ssputs_r
                0x080076f8       0xb6 /Applications/STM32CubeIDE.app/Contents/Eclipse/plugins/com.st.stm32cube.ide.mcu.externaltools.gnu-tools-for-stm32.12.3.rel1.macos64_1.0.100.202403111906/tools/bin/../lib/gcc/arm-none-eabi/12.3.1/../../../../arm-none-eabi/lib/thumb/v7-m/nofp/libc_nano.a(libc_a-nano-svfprintf.o)
                0x080076f8                __ssputs_r
 *fill*         0x080077ae        0x2 
 .text._svfprintf_r
                0x080077b0      0x1f8 /Applications/STM32CubeIDE.app/Contents/Eclipse/plugins/com.st.stm32cube.ide.mcu.externaltools.gnu-tools-for-stm32.12.3.rel1.macos64_1.0.100.202403111906/tools/bin/../lib/gcc/arm-none-eabi/12.3.1/../../../../arm-none-eabi/lib/thumb/v7-m/nofp/libc_nano.a(libc_a-nano-svfprintf.o)
                0x080077b0                _svfprintf_r
                0x080077b0                _svfiprintf_r
 .text.malloc   0x080079a8       0x10 /Applications/STM32CubeIDE.app/Contents/Eclipse/plugins/com.st.stm32cube.ide.mcu.externaltools.gnu-tools-for-stm32.12.3.rel1.macos64_1.0.100.202403111906/tools/bin/../lib/gcc/arm-none-eabi/12.3.1/../../../../arm-none-eabi/lib/thumb/v7-m/nofp/libc_nano.a(libc_a-malloc.o)
                0x080079a8                malloc
 .text.sbrk_aligned
                0x080079b8       0x44 /Applications/STM32CubeIDE.app/Contents/Eclipse/plugins/com.st.stm32cube.ide.mcu.externaltools.gnu-tools-for-stm32.12.3.rel1.macos64_1.0.100.202403111906/tools/bin/../lib/gcc/arm-none-eabi/12.3.1/../../../../arm-none-eabi/lib/thumb/v7-m/nofp/libc_nano.a(libc_a-mallocr.o)
 .text._malloc_r
                0x080079fc      0x100 /Applications/STM32CubeIDE.app/Contents/Eclipse/plugins/com.st.stm32cube.ide.mcu.externaltools.gnu-tools-for-stm32.12.3.rel1.macos64_1.0.100.202403111906/tools/bin/../lib/gcc/arm-none-eabi/12.3.1/../../../../arm-none-eabi/lib/thumb/v7-m/nofp/libc_nano.a(libc_a-mallocr.o)
                0x080079fc                _malloc_r
 .text.__sflush_r
                0x08007afc      0x100 /Applications/STM32CubeIDE.app/Contents/Eclipse/plugins/com.st.stm32cube.ide.mcu.externaltools.gnu-tools-for-stm32.12.3.rel1.macos64_1.0.100.202403111906/tools/bin/../lib/gcc/arm-none-eabi/12.3.1/../../../../arm-none-eabi/lib/thumb/v7-m/nofp/libc_nano.a(libc_a-fflush.o)
                0x08007afc                __sflush_r
 .text._fflush_r
                0x08007bfc       0x50 /Applications/STM32CubeIDE.app/Contents/Eclipse/plugins/com.st.stm32cube.ide.mcu.externaltools.gnu-tools-for-stm32.12.3.rel1.macos64_1.0.100.202403111906/tools/bin/../lib/gcc/arm-none-eabi/12.3.1/../../../../arm-none-eabi/lib/thumb/v7-m/nofp/libc_nano.a(libc_a-fflush.o)
                0x08007bfc                _fflush_r
 .text.__malloc_lock
                0x08007c4c        0xc /Applications/STM32CubeIDE.app/Contents/Eclipse/plugins/com.st.stm32cube.ide.mcu.externaltools.gnu-tools-for-stm32.12.3.rel1.macos64_1.0.100.202403111906/tools/bin/../lib/gcc/arm-none-eabi/12.3.1/../../../../arm-none-eabi/lib/thumb/v7-m/nofp/libc_nano.a(libc_a-mlock.o)
                0x08007c4c                __malloc_lock
 .text.__malloc_unlock
                0x08007c58        0xc /Applications/STM32CubeIDE.app/Contents/Eclipse/plugins/com.st.stm32cube.ide.mcu.externaltools.gnu-tools-for-stm32.12.3.rel1.macos64_1.0.100.202403111906/tools/bin/../lib/gcc/arm-none-eabi/12.3.1/../../../../arm-none-eabi/lib/thumb/v7-m/nofp/libc_nano.a(libc_a-mlock.o)
                0x08007c58                __malloc_unlock
 .text._Balloc  0x08007c64       0x80 /Applications/STM32CubeIDE.app/Contents/Eclipse/plugins/com.st.stm32cube.ide.mcu.externaltools.gnu-tools-for-stm32.12.3.rel1.macos64_1.0.100.202403111906/tools/bin/../lib/gcc/arm-none-eabi/12.3.1/../../../../arm-none-eabi/lib/thumb/v7-m/nofp/libc_nano.a(libc_a-mprec.o)
                0x08007c64                _Balloc
 .text._Bfree   0x08007ce4       0x44 /Applications/STM32CubeIDE.app/Contents/Eclipse/plugins/com.st.stm32cube.ide.mcu.externaltools.gnu-tools-for-stm32.12.3.rel1.macos64_1.0.100.202403111906/tools/bin/../lib/gcc/arm-none-eabi/12.3.1/../../../../arm-none-eabi/lib/thumb/v7-m/nofp/libc_nano.a(libc_a-mprec.o)
                0x08007ce4                _Bfree
 .text.__multadd
                0x08007d28       0x8c /Applications/STM32CubeIDE.app/Contents/Eclipse/plugins/com.st.stm32cube.ide.mcu.externaltools.gnu-tools-for-stm32.12.3.rel1.macos64_1.0.100.202403111906/tools/bin/../lib/gcc/arm-none-eabi/12.3.1/../../../../arm-none-eabi/lib/thumb/v7-m/nofp/libc_nano.a(libc_a-mprec.o)
                0x08007d28                __multadd
 .text.__hi0bits
                0x08007db4       0x3e /Applications/STM32CubeIDE.app/Contents/Eclipse/plugins/com.st.stm32cube.ide.mcu.externaltools.gnu-tools-for-stm32.12.3.rel1.macos64_1.0.100.202403111906/tools/bin/../lib/gcc/arm-none-eabi/12.3.1/../../../../arm-none-eabi/lib/thumb/v7-m/nofp/libc_nano.a(libc_a-mprec.o)
                0x08007db4                __hi0bits
 .text.__lo0bits
                0x08007df2       0x5a /Applications/STM32CubeIDE.app/Contents/Eclipse/plugins/com.st.stm32cube.ide.mcu.externaltools.gnu-tools-for-stm32.12.3.rel1.macos64_1.0.100.202403111906/tools/bin/../lib/gcc/arm-none-eabi/12.3.1/../../../../arm-none-eabi/lib/thumb/v7-m/nofp/libc_nano.a(libc_a-mprec.o)
                0x08007df2                __lo0bits
 .text.__i2b    0x08007e4c       0x2c /Applications/STM32CubeIDE.app/Contents/Eclipse/plugins/com.st.stm32cube.ide.mcu.externaltools.gnu-tools-for-stm32.12.3.rel1.macos64_1.0.100.202403111906/tools/bin/../lib/gcc/arm-none-eabi/12.3.1/../../../../arm-none-eabi/lib/thumb/v7-m/nofp/libc_nano.a(libc_a-mprec.o)
                0x08007e4c                __i2b
 .text.__multiply
                0x08007e78      0x150 /Applications/STM32CubeIDE.app/Contents/Eclipse/plugins/com.st.stm32cube.ide.mcu.externaltools.gnu-tools-for-stm32.12.3.rel1.macos64_1.0.100.202403111906/tools/bin/../lib/gcc/arm-none-eabi/12.3.1/../../../../arm-none-eabi/lib/thumb/v7-m/nofp/libc_nano.a(libc_a-mprec.o)
                0x08007e78                __multiply
 .text.__pow5mult
                0x08007fc8       0xb4 /Applications/STM32CubeIDE.app/Contents/Eclipse/plugins/com.st.stm32cube.ide.mcu.externaltools.gnu-tools-for-stm32.12.3.rel1.macos64_1.0.100.202403111906/tools/bin/../lib/gcc/arm-none-eabi/12.3.1/../../../../arm-none-eabi/lib/thumb/v7-m/nofp/libc_nano.a(libc_a-mprec.o)
                0x08007fc8                __pow5mult
 .text.__lshift
                0x0800807c       0xd8 /Applications/STM32CubeIDE.app/Contents/Eclipse/plugins/com.st.stm32cube.ide.mcu.externaltools.gnu-tools-for-stm32.12.3.rel1.macos64_1.0.100.202403111906/tools/bin/../lib/gcc/arm-none-eabi/12.3.1/../../../../arm-none-eabi/lib/thumb/v7-m/nofp/libc_nano.a(libc_a-mprec.o)
                0x0800807c                __lshift
 .text.__mcmp   0x08008154       0x36 /Applications/STM32CubeIDE.app/Contents/Eclipse/plugins/com.st.stm32cube.ide.mcu.externaltools.gnu-tools-for-stm32.12.3.rel1.macos64_1.0.100.202403111906/tools/bin/../lib/gcc/arm-none-eabi/12.3.1/../../../../arm-none-eabi/lib/thumb/v7-m/nofp/libc_nano.a(libc_a-mprec.o)
                0x08008154                __mcmp
 *fill*         0x0800818a        0x2 
 .text.__mdiff  0x0800818c      0x128 /Applications/STM32CubeIDE.app/Contents/Eclipse/plugins/com.st.stm32cube.ide.mcu.externaltools.gnu-tools-for-stm32.12.3.rel1.macos64_1.0.100.202403111906/tools/bin/../lib/gcc/arm-none-eabi/12.3.1/../../../../arm-none-eabi/lib/thumb/v7-m/nofp/libc_nano.a(libc_a-mprec.o)
                0x0800818c                __mdiff
 .text.__d2b    0x080082b4       0xb0 /Applications/STM32CubeIDE.app/Contents/Eclipse/plugins/com.st.stm32cube.ide.mcu.externaltools.gnu-tools-for-stm32.12.3.rel1.macos64_1.0.100.202403111906/tools/bin/../lib/gcc/arm-none-eabi/12.3.1/../../../../arm-none-eabi/lib/thumb/v7-m/nofp/libc_nano.a(libc_a-mprec.o)
                0x080082b4                __d2b
 .text.__sread  0x08008364       0x22 /Applications/STM32CubeIDE.app/Contents/Eclipse/plugins/com.st.stm32cube.ide.mcu.externaltools.gnu-tools-for-stm32.12.3.rel1.macos64_1.0.100.202403111906/tools/bin/../lib/gcc/arm-none-eabi/12.3.1/../../../../arm-none-eabi/lib/thumb/v7-m/nofp/libc_nano.a(libc_a-stdio.o)
                0x08008364                __sread
 .text.__swrite
                0x08008386       0x38 /Applications/STM32CubeIDE.app/Contents/Eclipse/plugins/com.st.stm32cube.ide.mcu.externaltools.gnu-tools-for-stm32.12.3.rel1.macos64_1.0.100.202403111906/tools/bin/../lib/gcc/arm-none-eabi/12.3.1/../../../../arm-none-eabi/lib/thumb/v7-m/nofp/libc_nano.a(libc_a-stdio.o)
                0x08008386                __swrite
 .text.__sseek  0x080083be       0x24 /Applications/STM32CubeIDE.app/Contents/Eclipse/plugins/com.st.stm32cube.ide.mcu.externaltools.gnu-tools-for-stm32.12.3.rel1.macos64_1.0.100.202403111906/tools/bin/../lib/gcc/arm-none-eabi/12.3.1/../../../../arm-none-eabi/lib/thumb/v7-m/nofp/libc_nano.a(libc_a-stdio.o)
                0x080083be                __sseek
 .text.__sclose
                0x080083e2        0x8 /Applications/STM32CubeIDE.app/Contents/Eclipse/plugins/com.st.stm32cube.ide.mcu.externaltools.gnu-tools-for-stm32.12.3.rel1.macos64_1.0.100.202403111906/tools/bin/../lib/gcc/arm-none-eabi/12.3.1/../../../../arm-none-eabi/lib/thumb/v7-m/nofp/libc_nano.a(libc_a-stdio.o)
                0x080083e2                __sclose
 .text._realloc_r
                0x080083ea       0x5c /Applications/STM32CubeIDE.app/Contents/Eclipse/plugins/com.st.stm32cube.ide.mcu.externaltools.gnu-tools-for-stm32.12.3.rel1.macos64_1.0.100.202403111906/tools/bin/../lib/gcc/arm-none-eabi/12.3.1/../../../../arm-none-eabi/lib/thumb/v7-m/nofp/libc_nano.a(libc_a-reallocr.o)
                0x080083ea                _realloc_r
 .text.memmove  0x08008446       0x34 /Applications/STM32CubeIDE.app/Contents/Eclipse/plugins/com.st.stm32cube.ide.mcu.externaltools.gnu-tools-for-stm32.12.3.rel1.macos64_1.0.100.202403111906/tools/bin/../lib/gcc/arm-none-eabi/12.3.1/../../../../arm-none-eabi/lib/thumb/v7-m/nofp/libc_nano.a(libc_a-memmove.o)
                0x08008446                memmove
 *fill*         0x0800847a        0x2 
 .text._close_r
                0x0800847c       0x20 /Applications/STM32CubeIDE.app/Contents/Eclipse/plugins/com.st.stm32cube.ide.mcu.externaltools.gnu-tools-for-stm32.12.3.rel1.macos64_1.0.100.202403111906/tools/bin/../lib/gcc/arm-none-eabi/12.3.1/../../../../arm-none-eabi/lib/thumb/v7-m/nofp/libc_nano.a(libc_a-closer.o)
                0x0800847c                _close_r
 .text._lseek_r
                0x0800849c       0x24 /Applications/STM32CubeIDE.app/Contents/Eclipse/plugins/com.st.stm32cube.ide.mcu.externaltools.gnu-tools-for-stm32.12.3.rel1.macos64_1.0.100.202403111906/tools/bin/../lib/gcc/arm-none-eabi/12.3.1/../../../../arm-none-eabi/lib/thumb/v7-m/nofp/libc_nano.a(libc_a-lseekr.o)
                0x0800849c                _lseek_r
 .text._read_r  0x080084c0       0x24 /Applications/STM32CubeIDE.app/Contents/Eclipse/plugins/com.st.stm32cube.ide.mcu.externaltools.gnu-tools-for-stm32.12.3.rel1.macos64_1.0.100.202403111906/tools/bin/../lib/gcc/arm-none-eabi/12.3.1/../../../../arm-none-eabi/lib/thumb/v7-m/nofp/libc_nano.a(libc_a-readr.o)
                0x080084c0                _read_r
 .text._sbrk_r  0x080084e4       0x20 /Applications/STM32CubeIDE.app/Contents/Eclipse/plugins/com.st.stm32cube.ide.mcu.externaltools.gnu-tools-for-stm32.12.3.rel1.macos64_1.0.100.202403111906/tools/bin/../lib/gcc/arm-none-eabi/12.3.1/../../../../arm-none-eabi/lib/thumb/v7-m/nofp/libc_nano.a(libc_a-sbrkr.o)
                0x080084e4                _sbrk_r
 .text._write_r
                0x08008504       0x24 /Applications/STM32CubeIDE.app/Contents/Eclipse/plugins/com.st.stm32cube.ide.mcu.externaltools.gnu-tools-for-stm32.12.3.rel1.macos64_1.0.100.202403111906/tools/bin/../lib/gcc/arm-none-eabi/12.3.1/../../../../arm-none-eabi/lib/thumb/v7-m/nofp/libc_nano.a(libc_a-writer.o)
                0x08008504                _write_r
 .text.memcpy   0x08008528       0x1c /Applications/STM32CubeIDE.app/Contents/Eclipse/plugins/com.st.stm32cube.ide.mcu.externaltools.gnu-tools-for-stm32.12.3.rel1.macos64_1.0.100.202403111906/tools/bin/../lib/gcc/arm-none-eabi/12.3.1/../../../../arm-none-eabi/lib/thumb/v7-m/nofp/libc_nano.a(libc_a-memcpy-stub.o)
                0x08008528                memcpy
 .text.__assert_func
                0x08008544       0x3c /Applications/STM32CubeIDE.app/Contents/Eclipse/plugins/com.st.stm32cube.ide.mcu.externaltools.gnu-tools-for-stm32.12.3.rel1.macos64_1.0.100.202403111906/tools/bin/../lib/gcc/arm-none-eabi/12.3.1/../../../../arm-none-eabi/lib/thumb/v7-m/nofp/libc_nano.a(libc_a-assert.o)
                0x08008544                __assert_func
 .text._calloc_r
                0x08008580       0x28 /Applications/STM32CubeIDE.app/Contents/Eclipse/plugins/com.st.stm32cube.ide.mcu.externaltools.gnu-tools-for-stm32.12.3.rel1.macos64_1.0.100.202403111906/tools/bin/../lib/gcc/arm-none-eabi/12.3.1/../../../../arm-none-eabi/lib/thumb/v7-m/nofp/libc_nano.a(libc_a-callocr.o)
                0x08008580                _calloc_r
 .text._free_r  0x080085a8       0x90 /Applications/STM32CubeIDE.app/Contents/Eclipse/plugins/com.st.stm32cube.ide.mcu.externaltools.gnu-tools-for-stm32.12.3.rel1.macos64_1.0.100.202403111906/tools/bin/../lib/gcc/arm-none-eabi/12.3.1/../../../../arm-none-eabi/lib/thumb/v7-m/nofp/libc_nano.a(libc_a-freer.o)
                0x080085a8                _free_r
 .text.__ascii_mbtowc
                0x08008638       0x24 /Applications/STM32CubeIDE.app/Contents/Eclipse/plugins/com.st.stm32cube.ide.mcu.externaltools.gnu-tools-for-stm32.12.3.rel1.macos64_1.0.100.202403111906/tools/bin/../lib/gcc/arm-none-eabi/12.3.1/../../../../arm-none-eabi/lib/thumb/v7-m/nofp/libc_nano.a(libc_a-mbtowc_r.o)
                0x08008638                __ascii_mbtowc
 .text._malloc_usable_size_r
                0x0800865c       0x10 /Applications/STM32CubeIDE.app/Contents/Eclipse/plugins/com.st.stm32cube.ide.mcu.externaltools.gnu-tools-for-stm32.12.3.rel1.macos64_1.0.100.202403111906/tools/bin/../lib/gcc/arm-none-eabi/12.3.1/../../../../arm-none-eabi/lib/thumb/v7-m/nofp/libc_nano.a(libc_a-msizer.o)
                0x0800865c                _malloc_usable_size_r
 .text.fprintf  0x0800866c       0x24 /Applications/STM32CubeIDE.app/Contents/Eclipse/plugins/com.st.stm32cube.ide.mcu.externaltools.gnu-tools-for-stm32.12.3.rel1.macos64_1.0.100.202403111906/tools/bin/../lib/gcc/arm-none-eabi/12.3.1/../../../../arm-none-eabi/lib/thumb/v7-m/nofp/libc_nano.a(libc_a-fprintf.o)
                0x0800866c                fprintf
                0x0800866c                fiprintf
 .text.__ascii_wctomb
                0x08008690       0x1a /Applications/STM32CubeIDE.app/Contents/Eclipse/plugins/com.st.stm32cube.ide.mcu.externaltools.gnu-tools-for-stm32.12.3.rel1.macos64_1.0.100.202403111906/tools/bin/../lib/gcc/arm-none-eabi/12.3.1/../../../../arm-none-eabi/lib/thumb/v7-m/nofp/libc_nano.a(libc_a-wctomb_r.o)
                0x08008690                __ascii_wctomb
 .text.abort    0x080086aa        0xe /Applications/STM32CubeIDE.app/Contents/Eclipse/plugins/com.st.stm32cube.ide.mcu.externaltools.gnu-tools-for-stm32.12.3.rel1.macos64_1.0.100.202403111906/tools/bin/../lib/gcc/arm-none-eabi/12.3.1/../../../../arm-none-eabi/lib/thumb/v7-m/nofp/libc_nano.a(libc_a-abort.o)
                0x080086aa                abort
 .text.__sfputc_r
                0x080086b8       0x2a /Applications/STM32CubeIDE.app/Contents/Eclipse/plugins/com.st.stm32cube.ide.mcu.externaltools.gnu-tools-for-stm32.12.3.rel1.macos64_1.0.100.202403111906/tools/bin/../lib/gcc/arm-none-eabi/12.3.1/../../../../arm-none-eabi/lib/thumb/v7-m/nofp/libc_nano.a(libc_a-nano-vfprintf.o)
 .text.__sfputs_r
                0x080086e2       0x24 /Applications/STM32CubeIDE.app/Contents/Eclipse/plugins/com.st.stm32cube.ide.mcu.externaltools.gnu-tools-for-stm32.12.3.rel1.macos64_1.0.100.202403111906/tools/bin/../lib/gcc/arm-none-eabi/12.3.1/../../../../arm-none-eabi/lib/thumb/v7-m/nofp/libc_nano.a(libc_a-nano-vfprintf.o)
                0x080086e2                __sfputs_r
 *fill*         0x08008706        0x2 
 .text._vfprintf_r
                0x08008708      0x230 /Applications/STM32CubeIDE.app/Contents/Eclipse/plugins/com.st.stm32cube.ide.mcu.externaltools.gnu-tools-for-stm32.12.3.rel1.macos64_1.0.100.202403111906/tools/bin/../lib/gcc/arm-none-eabi/12.3.1/../../../../arm-none-eabi/lib/thumb/v7-m/nofp/libc_nano.a(libc_a-nano-vfprintf.o)
                0x08008708                _vfiprintf_r
                0x08008708                _vfprintf_r
 .text.__swbuf_r
                0x08008938       0x7c /Applications/STM32CubeIDE.app/Contents/Eclipse/plugins/com.st.stm32cube.ide.mcu.externaltools.gnu-tools-for-stm32.12.3.rel1.macos64_1.0.100.202403111906/tools/bin/../lib/gcc/arm-none-eabi/12.3.1/../../../../arm-none-eabi/lib/thumb/v7-m/nofp/libc_nano.a(libc_a-wbuf.o)
                0x08008938                __swbuf_r
 .text.__swsetup_r
                0x080089b4       0xac /Applications/STM32CubeIDE.app/Contents/Eclipse/plugins/com.st.stm32cube.ide.mcu.externaltools.gnu-tools-for-stm32.12.3.rel1.macos64_1.0.100.202403111906/tools/bin/../lib/gcc/arm-none-eabi/12.3.1/../../../../arm-none-eabi/lib/thumb/v7-m/nofp/libc_nano.a(libc_a-wsetup.o)
                0x080089b4                __swsetup_r
 .text.__swhatbuf_r
                0x08008a60       0x4a /Applications/STM32CubeIDE.app/Contents/Eclipse/plugins/com.st.stm32cube.ide.mcu.externaltools.gnu-tools-for-stm32.12.3.rel1.macos64_1.0.100.202403111906/tools/bin/../lib/gcc/arm-none-eabi/12.3.1/../../../../arm-none-eabi/lib/thumb/v7-m/nofp/libc_nano.a(libc_a-makebuf.o)
                0x08008a60                __swhatbuf_r
 .text.__smakebuf_r
                0x08008aaa       0x78 /Applications/STM32CubeIDE.app/Contents/Eclipse/plugins/com.st.stm32cube.ide.mcu.externaltools.gnu-tools-for-stm32.12.3.rel1.macos64_1.0.100.202403111906/tools/bin/../lib/gcc/arm-none-eabi/12.3.1/../../../../arm-none-eabi/lib/thumb/v7-m/nofp/libc_nano.a(libc_a-makebuf.o)
                0x08008aaa                __smakebuf_r
 *fill*         0x08008b22        0x2 
 .text._fstat_r
                0x08008b24       0x24 /Applications/STM32CubeIDE.app/Contents/Eclipse/plugins/com.st.stm32cube.ide.mcu.externaltools.gnu-tools-for-stm32.12.3.rel1.macos64_1.0.100.202403111906/tools/bin/../lib/gcc/arm-none-eabi/12.3.1/../../../../arm-none-eabi/lib/thumb/v7-m/nofp/libc_nano.a(libc_a-fstatr.o)
                0x08008b24                _fstat_r
 .text._isatty_r
                0x08008b48       0x20 /Applications/STM32CubeIDE.app/Contents/Eclipse/plugins/com.st.stm32cube.ide.mcu.externaltools.gnu-tools-for-stm32.12.3.rel1.macos64_1.0.100.202403111906/tools/bin/../lib/gcc/arm-none-eabi/12.3.1/../../../../arm-none-eabi/lib/thumb/v7-m/nofp/libc_nano.a(libc_a-isattyr.o)
                0x08008b48                _isatty_r
 .text._raise_r
                0x08008b68       0x50 /Applications/STM32CubeIDE.app/Contents/Eclipse/plugins/com.st.stm32cube.ide.mcu.externaltools.gnu-tools-for-stm32.12.3.rel1.macos64_1.0.100.202403111906/tools/bin/../lib/gcc/arm-none-eabi/12.3.1/../../../../arm-none-eabi/lib/thumb/v7-m/nofp/libc_nano.a(libc_a-signal.o)
                0x08008b68                _raise_r
 .text.raise    0x08008bb8       0x10 /Applications/STM32CubeIDE.app/Contents/Eclipse/plugins/com.st.stm32cube.ide.mcu.externaltools.gnu-tools-for-stm32.12.3.rel1.macos64_1.0.100.202403111906/tools/bin/../lib/gcc/arm-none-eabi/12.3.1/../../../../arm-none-eabi/lib/thumb/v7-m/nofp/libc_nano.a(libc_a-signal.o)
                0x08008bb8                raise
 .text._kill_r  0x08008bc8       0x24 /Applications/STM32CubeIDE.app/Contents/Eclipse/plugins/com.st.stm32cube.ide.mcu.externaltools.gnu-tools-for-stm32.12.3.rel1.macos64_1.0.100.202403111906/tools/bin/../lib/gcc/arm-none-eabi/12.3.1/../../../../arm-none-eabi/lib/thumb/v7-m/nofp/libc_nano.a(libc_a-signalr.o)
                0x08008bc8                _kill_r
 .text._getpid_r
                0x08008bec        0x4 /Applications/STM32CubeIDE.app/Contents/Eclipse/plugins/com.st.stm32cube.ide.mcu.externaltools.gnu-tools-for-stm32.12.3.rel1.macos64_1.0.100.202403111906/tools/bin/../lib/gcc/arm-none-eabi/12.3.1/../../../../arm-none-eabi/lib/thumb/v7-m/nofp/libc_nano.a(libc_a-signalr.o)
                0x08008bec                _getpid_r
 *(.glue_7)
 .glue_7        0x08008bf0        0x0 linker stubs
 *(.glue_7t)
 .glue_7t       0x08008bf0        0x0 linker stubs
 *(.eh_frame)
 .eh_frame      0x08008bf0        0x0 /Applications/STM32CubeIDE.app/Contents/Eclipse/plugins/com.st.stm32cube.ide.mcu.externaltools.gnu-tools-for-stm32.12.3.rel1.macos64_1.0.100.202403111906/tools/bin/../lib/gcc/arm-none-eabi/12.3.1/thumb/v7-m/nofp/crtbegin.o
 *(.init)
 .init          0x08008bf0        0x4 /Applications/STM32CubeIDE.app/Contents/Eclipse/plugins/com.st.stm32cube.ide.mcu.externaltools.gnu-tools-for-stm32.12.3.rel1.macos64_1.0.100.202403111906/tools/bin/../lib/gcc/arm-none-eabi/12.3.1/thumb/v7-m/nofp/crti.o
                0x08008bf0                _init
 .init          0x08008bf4        0x8 /Applications/STM32CubeIDE.app/Contents/Eclipse/plugins/com.st.stm32cube.ide.mcu.externaltools.gnu-tools-for-stm32.12.3.rel1.macos64_1.0.100.202403111906/tools/bin/../lib/gcc/arm-none-eabi/12.3.1/thumb/v7-m/nofp/crtn.o
 *(.fini)
 .fini          0x08008bfc        0x4 /Applications/STM32CubeIDE.app/Contents/Eclipse/plugins/com.st.stm32cube.ide.mcu.externaltools.gnu-tools-for-stm32.12.3.rel1.macos64_1.0.100.202403111906/tools/bin/../lib/gcc/arm-none-eabi/12.3.1/thumb/v7-m/nofp/crti.o
                0x08008bfc                _fini
 .fini          0x08008c00        0x8 /Applications/STM32CubeIDE.app/Contents/Eclipse/plugins/com.st.stm32cube.ide.mcu.externaltools.gnu-tools-for-stm32.12.3.rel1.macos64_1.0.100.202403111906/tools/bin/../lib/gcc/arm-none-eabi/12.3.1/thumb/v7-m/nofp/crtn.o
                0x08008c08                        . = ALIGN (0x4)
                0x08008c08                        _etext = .

.vfp11_veneer   0x08008c08        0x0
 .vfp11_veneer  0x08008c08        0x0 linker stubs

.v4_bx          0x08008c08        0x0
 .v4_bx         0x08008c08        0x0 linker stubs

.iplt           0x08008c08        0x0
 .iplt          0x08008c08        0x0 /Applications/STM32CubeIDE.app/Contents/Eclipse/plugins/com.st.stm32cube.ide.mcu.externaltools.gnu-tools-for-stm32.12.3.rel1.macos64_1.0.100.202403111906/tools/bin/../lib/gcc/arm-none-eabi/12.3.1/thumb/v7-m/nofp/crtbegin.o

.rodata         0x08008c08     0x1d70
                0x08008c08                        . = ALIGN (0x4)
 *(.rodata)
 .rodata        0x08008c08       0x50 ./Core/Src/oledController.o
 *(.rodata*)
 .rodata.Font11x18
                0x08008c58      0xd5c ./Core/Lib/Src/fonts.o
                0x08008c58                Font11x18
 .rodata.ojtubelog1
                0x080099b4      0x400 ./Core/Src/oledController.o
                0x080099b4                ojtubelog1
 .rodata.ojtubelog2
                0x08009db4      0x400 ./Core/Src/oledController.o
                0x08009db4                ojtubelog2
 .rodata.ojtubelog3
                0x0800a1b4      0x400 ./Core/Src/oledController.o
                0x0800a1b4                ojtubelog3
 .rodata.AHBPrescTable
                0x0800a5b4       0x10 ./Core/Src/system_stm32f1xx.o
                0x0800a5b4                AHBPrescTable
 .rodata.APBPrescTable
                0x0800a5c4        0x8 ./Core/Src/system_stm32f1xx.o
                0x0800a5c4                APBPrescTable
 .rodata.aPLLMULFactorTable.1
                0x0800a5cc       0x10 ./Drivers/STM32F1xx_HAL_Driver/Src/stm32f1xx_hal_rcc.o
 .rodata.aPredivFactorTable.0
                0x0800a5dc        0x2 ./Drivers/STM32F1xx_HAL_Driver/Src/stm32f1xx_hal_rcc.o
 .rodata._printf_float.str1.1
                0x0800a5de       0x12 /Applications/STM32CubeIDE.app/Contents/Eclipse/plugins/com.st.stm32cube.ide.mcu.externaltools.gnu-tools-for-stm32.12.3.rel1.macos64_1.0.100.202403111906/tools/bin/../lib/gcc/arm-none-eabi/12.3.1/../../../../arm-none-eabi/lib/thumb/v7-m/nofp/libc_nano.a(libc_a-nano-vfprintf_float.o)
 .rodata._printf_i.str1.1
                0x0800a5f0       0x22 /Applications/STM32CubeIDE.app/Contents/Eclipse/plugins/com.st.stm32cube.ide.mcu.externaltools.gnu-tools-for-stm32.12.3.rel1.macos64_1.0.100.202403111906/tools/bin/../lib/gcc/arm-none-eabi/12.3.1/../../../../arm-none-eabi/lib/thumb/v7-m/nofp/libc_nano.a(libc_a-nano-vfprintf_i.o)
 .rodata.__utoa.str1.1
                0x0800a612       0x25 /Applications/STM32CubeIDE.app/Contents/Eclipse/plugins/com.st.stm32cube.ide.mcu.externaltools.gnu-tools-for-stm32.12.3.rel1.macos64_1.0.100.202403111906/tools/bin/../lib/gcc/arm-none-eabi/12.3.1/../../../../arm-none-eabi/lib/thumb/v7-m/nofp/libc_nano.a(libc_a-utoa.o)
 .rodata._dtoa_r.str1.1
                0x0800a637       0x8d /Applications/STM32CubeIDE.app/Contents/Eclipse/plugins/com.st.stm32cube.ide.mcu.externaltools.gnu-tools-for-stm32.12.3.rel1.macos64_1.0.100.202403111906/tools/bin/../lib/gcc/arm-none-eabi/12.3.1/../../../../arm-none-eabi/lib/thumb/v7-m/nofp/libc_nano.a(libc_a-dtoa.o)
                                 0x8f (size before relaxing)
 .rodata._svfprintf_r.str1.1
                0x0800a6c4       0x11 /Applications/STM32CubeIDE.app/Contents/Eclipse/plugins/com.st.stm32cube.ide.mcu.externaltools.gnu-tools-for-stm32.12.3.rel1.macos64_1.0.100.202403111906/tools/bin/../lib/gcc/arm-none-eabi/12.3.1/../../../../arm-none-eabi/lib/thumb/v7-m/nofp/libc_nano.a(libc_a-nano-svfprintf.o)
 .rodata._Balloc.str1.1
                0x0800a6d5       0x59 /Applications/STM32CubeIDE.app/Contents/Eclipse/plugins/com.st.stm32cube.ide.mcu.externaltools.gnu-tools-for-stm32.12.3.rel1.macos64_1.0.100.202403111906/tools/bin/../lib/gcc/arm-none-eabi/12.3.1/../../../../arm-none-eabi/lib/thumb/v7-m/nofp/libc_nano.a(libc_a-mprec.o)
                                 0x70 (size before relaxing)
 .rodata.__multadd.str1.1
                0x0800a72e       0x11 /Applications/STM32CubeIDE.app/Contents/Eclipse/plugins/com.st.stm32cube.ide.mcu.externaltools.gnu-tools-for-stm32.12.3.rel1.macos64_1.0.100.202403111906/tools/bin/../lib/gcc/arm-none-eabi/12.3.1/../../../../arm-none-eabi/lib/thumb/v7-m/nofp/libc_nano.a(libc_a-mprec.o)
 *fill*         0x0800a72e        0x2 
 .rodata.p05.0  0x0800a730        0xc /Applications/STM32CubeIDE.app/Contents/Eclipse/plugins/com.st.stm32cube.ide.mcu.externaltools.gnu-tools-for-stm32.12.3.rel1.macos64_1.0.100.202403111906/tools/bin/../lib/gcc/arm-none-eabi/12.3.1/../../../../arm-none-eabi/lib/thumb/v7-m/nofp/libc_nano.a(libc_a-mprec.o)
 *fill*         0x0800a73c        0x4 
 .rodata.__mprec_bigtens
                0x0800a740       0x28 /Applications/STM32CubeIDE.app/Contents/Eclipse/plugins/com.st.stm32cube.ide.mcu.externaltools.gnu-tools-for-stm32.12.3.rel1.macos64_1.0.100.202403111906/tools/bin/../lib/gcc/arm-none-eabi/12.3.1/../../../../arm-none-eabi/lib/thumb/v7-m/nofp/libc_nano.a(libc_a-mprec.o)
                0x0800a740                __mprec_bigtens
 .rodata.__mprec_tens
                0x0800a768       0xc8 /Applications/STM32CubeIDE.app/Contents/Eclipse/plugins/com.st.stm32cube.ide.mcu.externaltools.gnu-tools-for-stm32.12.3.rel1.macos64_1.0.100.202403111906/tools/bin/../lib/gcc/arm-none-eabi/12.3.1/../../../../arm-none-eabi/lib/thumb/v7-m/nofp/libc_nano.a(libc_a-mprec.o)
                0x0800a768                __mprec_tens
 .rodata._setlocale_r.str1.1
                0x0800a830        0x8 /Applications/STM32CubeIDE.app/Contents/Eclipse/plugins/com.st.stm32cube.ide.mcu.externaltools.gnu-tools-for-stm32.12.3.rel1.macos64_1.0.100.202403111906/tools/bin/../lib/gcc/arm-none-eabi/12.3.1/../../../../arm-none-eabi/lib/thumb/v7-m/nofp/libc_nano.a(libc_a-locale.o)
                                  0x9 (size before relaxing)
 .rodata.str1.1
                0x0800a838        0x2 /Applications/STM32CubeIDE.app/Contents/Eclipse/plugins/com.st.stm32cube.ide.mcu.externaltools.gnu-tools-for-stm32.12.3.rel1.macos64_1.0.100.202403111906/tools/bin/../lib/gcc/arm-none-eabi/12.3.1/../../../../arm-none-eabi/lib/thumb/v7-m/nofp/libc_nano.a(libc_a-locale.o)
 .rodata._ctype_
                0x0800a83a      0x101 /Applications/STM32CubeIDE.app/Contents/Eclipse/plugins/com.st.stm32cube.ide.mcu.externaltools.gnu-tools-for-stm32.12.3.rel1.macos64_1.0.100.202403111906/tools/bin/../lib/gcc/arm-none-eabi/12.3.1/../../../../arm-none-eabi/lib/thumb/v7-m/nofp/libc_nano.a(libc_a-ctype_.o)
                0x0800a83a                _ctype_
 .rodata.__assert_func.str1.1
                0x0800a93b       0x3c /Applications/STM32CubeIDE.app/Contents/Eclipse/plugins/com.st.stm32cube.ide.mcu.externaltools.gnu-tools-for-stm32.12.3.rel1.macos64_1.0.100.202403111906/tools/bin/../lib/gcc/arm-none-eabi/12.3.1/../../../../arm-none-eabi/lib/thumb/v7-m/nofp/libc_nano.a(libc_a-assert.o)
                                 0x3d (size before relaxing)
 .rodata._vfprintf_r.str1.1
                0x0800a977       0x11 /Applications/STM32CubeIDE.app/Contents/Eclipse/plugins/com.st.stm32cube.ide.mcu.externaltools.gnu-tools-for-stm32.12.3.rel1.macos64_1.0.100.202403111906/tools/bin/../lib/gcc/arm-none-eabi/12.3.1/../../../../arm-none-eabi/lib/thumb/v7-m/nofp/libc_nano.a(libc_a-nano-vfprintf.o)
                0x0800a988                        . = ALIGN (0x4)
 *fill*         0x0800a977        0x1 

.ARM.extab      0x0800a978        0x0
                0x0800a978                        . = ALIGN (0x4)
 *(.ARM.extab* .gnu.linkonce.armextab.*)
                0x0800a978                        . = ALIGN (0x4)

.ARM            0x0800a978        0x8
                0x0800a978                        . = ALIGN (0x4)
                0x0800a978                        __exidx_start = .
 *(.ARM.exidx*)
 .ARM.exidx     0x0800a978        0x8 /Applications/STM32CubeIDE.app/Contents/Eclipse/plugins/com.st.stm32cube.ide.mcu.externaltools.gnu-tools-for-stm32.12.3.rel1.macos64_1.0.100.202403111906/tools/bin/../lib/gcc/arm-none-eabi/12.3.1/../../../../arm-none-eabi/lib/thumb/v7-m/nofp/libc_nano.a(libc_a-strlen.o)
                0x0800a980                        __exidx_end = .
                0x0800a980                        . = ALIGN (0x4)

.preinit_array  0x0800a980        0x0
                0x0800a980                        . = ALIGN (0x4)
                0x0800a980                        PROVIDE (__preinit_array_start = .)
 *(.preinit_array*)
                0x0800a980                        PROVIDE (__preinit_array_end = .)
                0x0800a980                        . = ALIGN (0x4)

.init_array     0x0800a980        0x4
                0x0800a980                        . = ALIGN (0x4)
                0x0800a980                        PROVIDE (__init_array_start = .)
 *(SORT_BY_NAME(.init_array.*))
 *(.init_array*)
 .init_array    0x0800a980        0x4 /Applications/STM32CubeIDE.app/Contents/Eclipse/plugins/com.st.stm32cube.ide.mcu.externaltools.gnu-tools-for-stm32.12.3.rel1.macos64_1.0.100.202403111906/tools/bin/../lib/gcc/arm-none-eabi/12.3.1/thumb/v7-m/nofp/crtbegin.o
                0x0800a984                        PROVIDE (__init_array_end = .)
                0x0800a984                        . = ALIGN (0x4)

.fini_array     0x0800a984        0x4
                0x0800a984                        . = ALIGN (0x4)
                [!provide]                        PROVIDE (__fini_array_start = .)
 *(SORT_BY_NAME(.fini_array.*))
 *(.fini_array*)
 .fini_array    0x0800a984        0x4 /Applications/STM32CubeIDE.app/Contents/Eclipse/plugins/com.st.stm32cube.ide.mcu.externaltools.gnu-tools-for-stm32.12.3.rel1.macos64_1.0.100.202403111906/tools/bin/../lib/gcc/arm-none-eabi/12.3.1/thumb/v7-m/nofp/crtbegin.o
                [!provide]                        PROVIDE (__fini_array_end = .)
                0x0800a988                        . = ALIGN (0x4)
                0x0800a988                        _sidata = LOADADDR (.data)

.rel.dyn        0x0800a988        0x0
 .rel.iplt      0x0800a988        0x0 /Applications/STM32CubeIDE.app/Contents/Eclipse/plugins/com.st.stm32cube.ide.mcu.externaltools.gnu-tools-for-stm32.12.3.rel1.macos64_1.0.100.202403111906/tools/bin/../lib/gcc/arm-none-eabi/12.3.1/thumb/v7-m/nofp/crtbegin.o

.data           0x20000000      0x1e4 load address 0x0800a988
                0x20000000                        . = ALIGN (0x4)
                0x20000000                        _sdata = .
 *(.data)
 *(.data*)
 .data.Font_11x18
                0x20000000        0x8 ./Core/Lib/Src/fonts.o
                0x20000000                Font_11x18
 .data.m_desired_temper
                0x20000008        0x4 ./Core/Src/heaterController.o
 .data.m_fixed_temper
                0x2000000c        0x4 ./Core/Src/heaterController.o
 .data.SystemCoreClock
                0x20000010        0x4 ./Core/Src/system_stm32f1xx.o
                0x20000010                SystemCoreClock
 .data.uwTickPrio
                0x20000014        0x4 ./Drivers/STM32F1xx_HAL_Driver/Src/stm32f1xx_hal.o
                0x20000014                uwTickPrio
 .data.uwTickFreq
                0x20000018        0x1 ./Drivers/STM32F1xx_HAL_Driver/Src/stm32f1xx_hal.o
                0x20000018                uwTickFreq
 *fill*         0x20000019        0x3 
 .data.__sglue  0x2000001c        0xc /Applications/STM32CubeIDE.app/Contents/Eclipse/plugins/com.st.stm32cube.ide.mcu.externaltools.gnu-tools-for-stm32.12.3.rel1.macos64_1.0.100.202403111906/tools/bin/../lib/gcc/arm-none-eabi/12.3.1/../../../../arm-none-eabi/lib/thumb/v7-m/nofp/libc_nano.a(libc_a-findfp.o)
                0x2000001c                __sglue
 .data._impure_ptr
                0x20000028        0x4 /Applications/STM32CubeIDE.app/Contents/Eclipse/plugins/com.st.stm32cube.ide.mcu.externaltools.gnu-tools-for-stm32.12.3.rel1.macos64_1.0.100.202403111906/tools/bin/../lib/gcc/arm-none-eabi/12.3.1/../../../../arm-none-eabi/lib/thumb/v7-m/nofp/libc_nano.a(libc_a-impure.o)
                0x20000028                _impure_ptr
 .data._impure_data
                0x2000002c       0x4c /Applications/STM32CubeIDE.app/Contents/Eclipse/plugins/com.st.stm32cube.ide.mcu.externaltools.gnu-tools-for-stm32.12.3.rel1.macos64_1.0.100.202403111906/tools/bin/../lib/gcc/arm-none-eabi/12.3.1/../../../../arm-none-eabi/lib/thumb/v7-m/nofp/libc_nano.a(libc_a-impure.o)
                0x2000002c                _impure_data
 .data.__global_locale
                0x20000078      0x16c /Applications/STM32CubeIDE.app/Contents/Eclipse/plugins/com.st.stm32cube.ide.mcu.externaltools.gnu-tools-for-stm32.12.3.rel1.macos64_1.0.100.202403111906/tools/bin/../lib/gcc/arm-none-eabi/12.3.1/../../../../arm-none-eabi/lib/thumb/v7-m/nofp/libc_nano.a(libc_a-locale.o)
                0x20000078                __global_locale
 *(.RamFunc)
 *(.RamFunc*)
                0x200001e4                        . = ALIGN (0x4)
                0x200001e4                        _edata = .

.igot.plt       0x200001e4        0x0 load address 0x0800ab6c
 .igot.plt      0x200001e4        0x0 /Applications/STM32CubeIDE.app/Contents/Eclipse/plugins/com.st.stm32cube.ide.mcu.externaltools.gnu-tools-for-stm32.12.3.rel1.macos64_1.0.100.202403111906/tools/bin/../lib/gcc/arm-none-eabi/12.3.1/thumb/v7-m/nofp/crtbegin.o
                0x200001e4                        . = ALIGN (0x4)

.bss            0x200001e4      0x76c load address 0x0800ab6c
                0x200001e4                        _sbss = .
                0x200001e4                        __bss_start__ = _sbss
 *(.bss)
 .bss           0x200001e4       0x1c /Applications/STM32CubeIDE.app/Contents/Eclipse/plugins/com.st.stm32cube.ide.mcu.externaltools.gnu-tools-for-stm32.12.3.rel1.macos64_1.0.100.202403111906/tools/bin/../lib/gcc/arm-none-eabi/12.3.1/thumb/v7-m/nofp/crtbegin.o
 *(.bss*)
 .bss.temperSensor
                0x20000200       0x10 ./Core/Lib/Src/ds18b20.o
                0x20000200                temperSensor
 .bss.OneWire   0x20000210       0x14 ./Core/Lib/Src/ds18b20.o
                0x20000210                OneWire
 .bss.m_init    0x20000224        0x1 ./Core/Lib/Src/ds18b20.o
 .bss.m_busy    0x20000225        0x1 ./Core/Lib/Src/ds18b20.o
 .bss.m_isConverting
                0x20000226        0x1 ./Core/Lib/Src/ds18b20.o
 .bss.m_busy_line
                0x20000227        0x1 ./Core/Lib/Src/onewire.o
 .bss.SSD1306_Buffer
                0x20000228      0x400 ./Core/Lib/Src/ssd1306.o
 .bss.SSD1306   0x20000628        0x6 ./Core/Lib/Src/ssd1306.o
 *fill*         0x2000062e        0x2 
 .bss.count     0x20000630        0x4 ./Core/Src/buttonController.o
                0x20000630                count
 .bss._LED_0F   0x20000634       0x1d ./Core/Src/fnd_controller.o
                0x20000634                _LED_0F
 *fill*         0x20000651        0x3 
 .bss.m_hspi    0x20000654        0x4 ./Core/Src/fnd_controller.o
 .bss.m_tempercount
                0x20000658        0x1 ./Core/Src/fnd_controller.o
 .bss.m_state   0x20000659        0x1 ./Core/Src/heaterController.o
 .bss.g_f_sw_up
                0x2000065a        0x1 ./Core/Src/main.o
                0x2000065a                g_f_sw_up
 .bss.g_f_sw_down
                0x2000065b        0x1 ./Core/Src/main.o
                0x2000065b                g_f_sw_down
 .bss.g_f_sw_fix
                0x2000065c        0x1 ./Core/Src/main.o
                0x2000065c                g_f_sw_fix
 .bss.g_f_sw_on
                0x2000065d        0x1 ./Core/Src/main.o
                0x2000065d                g_f_sw_on
 *fill*         0x2000065e        0x2 
 .bss.hi2c2     0x20000660       0x54 ./Core/Src/main.o
                0x20000660                hi2c2
 .bss.hspi2     0x200006b4       0x58 ./Core/Src/main.o
                0x200006b4                hspi2
 .bss.htim2     0x2000070c       0x48 ./Core/Src/main.o
                0x2000070c                htim2
 .bss.htim3     0x20000754       0x48 ./Core/Src/main.o
                0x20000754                htim3
 .bss.huart1    0x2000079c       0x48 ./Core/Src/main.o
                0x2000079c                huart1
 .bss.m_count.1
                0x200007e4        0x4 ./Core/Src/main.o
 .bss.m_first.0
                0x200007e8        0x4 ./Core/Src/main.o
 .bss.m_toggle  0x200007ec        0x1 ./Core/Src/oledController.o
 .bss.m_toggle_count
                0x200007ed        0x1 ./Core/Src/oledController.o
 *fill*         0x200007ee        0x2 
 .bss.m_button_before_time
                0x200007f0        0x4 ./Core/Src/stm32f1xx_it.o
 .bss.m_power_sw_timer
                0x200007f4        0x4 ./Core/Src/stm32f1xx_it.o
 .bss.m_toggle_timer
                0x200007f8        0x4 ./Core/Src/stm32f1xx_it.o
 .bss.__sbrk_heap_end
                0x200007fc        0x4 ./Core/Src/sysmem.o
 .bss.uwTick    0x20000800        0x4 ./Drivers/STM32F1xx_HAL_Driver/Src/stm32f1xx_hal.o
                0x20000800                uwTick
 .bss.__sf      0x20000804      0x138 /Applications/STM32CubeIDE.app/Contents/Eclipse/plugins/com.st.stm32cube.ide.mcu.externaltools.gnu-tools-for-stm32.12.3.rel1.macos64_1.0.100.202403111906/tools/bin/../lib/gcc/arm-none-eabi/12.3.1/../../../../arm-none-eabi/lib/thumb/v7-m/nofp/libc_nano.a(libc_a-findfp.o)
                0x20000804                __sf
 .bss.__stdio_exit_handler
                0x2000093c        0x4 /Applications/STM32CubeIDE.app/Contents/Eclipse/plugins/com.st.stm32cube.ide.mcu.externaltools.gnu-tools-for-stm32.12.3.rel1.macos64_1.0.100.202403111906/tools/bin/../lib/gcc/arm-none-eabi/12.3.1/../../../../arm-none-eabi/lib/thumb/v7-m/nofp/libc_nano.a(libc_a-findfp.o)
                0x2000093c                __stdio_exit_handler
 .bss.__lock___malloc_recursive_mutex
                0x20000940        0x1 /Applications/STM32CubeIDE.app/Contents/Eclipse/plugins/com.st.stm32cube.ide.mcu.externaltools.gnu-tools-for-stm32.12.3.rel1.macos64_1.0.100.202403111906/tools/bin/../lib/gcc/arm-none-eabi/12.3.1/../../../../arm-none-eabi/lib/thumb/v7-m/nofp/libc_nano.a(libc_a-lock.o)
                0x20000940                __lock___malloc_recursive_mutex
 .bss.__lock___sfp_recursive_mutex
                0x20000941        0x1 /Applications/STM32CubeIDE.app/Contents/Eclipse/plugins/com.st.stm32cube.ide.mcu.externaltools.gnu-tools-for-stm32.12.3.rel1.macos64_1.0.100.202403111906/tools/bin/../lib/gcc/arm-none-eabi/12.3.1/../../../../arm-none-eabi/lib/thumb/v7-m/nofp/libc_nano.a(libc_a-lock.o)
                0x20000941                __lock___sfp_recursive_mutex
 *fill*         0x20000942        0x2 
 .bss.__malloc_sbrk_start
                0x20000944        0x4 /Applications/STM32CubeIDE.app/Contents/Eclipse/plugins/com.st.stm32cube.ide.mcu.externaltools.gnu-tools-for-stm32.12.3.rel1.macos64_1.0.100.202403111906/tools/bin/../lib/gcc/arm-none-eabi/12.3.1/../../../../arm-none-eabi/lib/thumb/v7-m/nofp/libc_nano.a(libc_a-mallocr.o)
                0x20000944                __malloc_sbrk_start
 .bss.__malloc_free_list
                0x20000948        0x4 /Applications/STM32CubeIDE.app/Contents/Eclipse/plugins/com.st.stm32cube.ide.mcu.externaltools.gnu-tools-for-stm32.12.3.rel1.macos64_1.0.100.202403111906/tools/bin/../lib/gcc/arm-none-eabi/12.3.1/../../../../arm-none-eabi/lib/thumb/v7-m/nofp/libc_nano.a(libc_a-mallocr.o)
                0x20000948                __malloc_free_list
 .bss.errno     0x2000094c        0x4 /Applications/STM32CubeIDE.app/Contents/Eclipse/plugins/com.st.stm32cube.ide.mcu.externaltools.gnu-tools-for-stm32.12.3.rel1.macos64_1.0.100.202403111906/tools/bin/../lib/gcc/arm-none-eabi/12.3.1/../../../../arm-none-eabi/lib/thumb/v7-m/nofp/libc_nano.a(libc_a-reent.o)
                0x2000094c                errno
 *(COMMON)
                0x20000950                        . = ALIGN (0x4)
                0x20000950                        _ebss = .
                0x20000950                        __bss_end__ = _ebss

._user_heap_stack
                0x20000950      0x600 load address 0x0800ab6c
                0x20000950                        . = ALIGN (0x8)
                [!provide]                        PROVIDE (end = .)
                0x20000950                        PROVIDE (_end = .)
                0x20000b50                        . = (. + _Min_Heap_Size)
 *fill*         0x20000950      0x200 
                0x20000f50                        . = (. + _Min_Stack_Size)
 *fill*         0x20000b50      0x400 
                0x20000f50                        . = ALIGN (0x8)

/DISCARD/
 libc.a(*)
 libm.a(*)
 libgcc.a(*)

.ARM.attributes
                0x00000000       0x29
 *(.ARM.attributes)
 .ARM.attributes
                0x00000000       0x1d /Applications/STM32CubeIDE.app/Contents/Eclipse/plugins/com.st.stm32cube.ide.mcu.externaltools.gnu-tools-for-stm32.12.3.rel1.macos64_1.0.100.202403111906/tools/bin/../lib/gcc/arm-none-eabi/12.3.1/thumb/v7-m/nofp/crti.o
 .ARM.attributes
                0x0000001d       0x2d /Applications/STM32CubeIDE.app/Contents/Eclipse/plugins/com.st.stm32cube.ide.mcu.externaltools.gnu-tools-for-stm32.12.3.rel1.macos64_1.0.100.202403111906/tools/bin/../lib/gcc/arm-none-eabi/12.3.1/thumb/v7-m/nofp/crtbegin.o
 .ARM.attributes
                0x0000004a       0x2d ./Core/Lib/Src/ds18b20.o
 .ARM.attributes
                0x00000077       0x2d ./Core/Lib/Src/fonts.o
 .ARM.attributes
                0x000000a4       0x2d ./Core/Lib/Src/onewire.o
 .ARM.attributes
                0x000000d1       0x2d ./Core/Lib/Src/ssd1306.o
 .ARM.attributes
                0x000000fe       0x2d ./Core/Src/buttonController.o
 .ARM.attributes
                0x0000012b       0x2d ./Core/Src/fnd_controller.o
 .ARM.attributes
                0x00000158       0x2d ./Core/Src/heaterController.o
 .ARM.attributes
                0x00000185       0x2d ./Core/Src/ledController.o
 .ARM.attributes
                0x000001b2       0x2d ./Core/Src/main.o
 .ARM.attributes
                0x000001df       0x2d ./Core/Src/oledController.o
 .ARM.attributes
                0x0000020c       0x2d ./Core/Src/stm32f1xx_hal_msp.o
 .ARM.attributes
                0x00000239       0x2d ./Core/Src/stm32f1xx_it.o
 .ARM.attributes
                0x00000266       0x2d ./Core/Src/syscalls.o
 .ARM.attributes
                0x00000293       0x2d ./Core/Src/sysmem.o
 .ARM.attributes
                0x000002c0       0x2d ./Core/Src/system_stm32f1xx.o
 .ARM.attributes
                0x000002ed       0x21 ./Core/Startup/startup_stm32f103c8tx.o
 .ARM.attributes
                0x0000030e       0x2d ./Drivers/STM32F1xx_HAL_Driver/Src/stm32f1xx_hal.o
 .ARM.attributes
                0x0000033b       0x2d ./Drivers/STM32F1xx_HAL_Driver/Src/stm32f1xx_hal_cortex.o
 .ARM.attributes
                0x00000368       0x2d ./Drivers/STM32F1xx_HAL_Driver/Src/stm32f1xx_hal_gpio.o
 .ARM.attributes
                0x00000395       0x2d ./Drivers/STM32F1xx_HAL_Driver/Src/stm32f1xx_hal_i2c.o
 .ARM.attributes
                0x000003c2       0x2d ./Drivers/STM32F1xx_HAL_Driver/Src/stm32f1xx_hal_rcc.o
 .ARM.attributes
                0x000003ef       0x2d ./Drivers/STM32F1xx_HAL_Driver/Src/stm32f1xx_hal_spi.o
 .ARM.attributes
                0x0000041c       0x2d ./Drivers/STM32F1xx_HAL_Driver/Src/stm32f1xx_hal_tim.o
 .ARM.attributes
                0x00000449       0x2d ./Drivers/STM32F1xx_HAL_Driver/Src/stm32f1xx_hal_tim_ex.o
 .ARM.attributes