../Core/Src/main.c:64:5:_write	24	static
../Core/Src/main.c:91:5:main	16	static
../Core/Src/main.c:179:6:SystemClock_Config	72	static
../Core/Src/main.c:219:13:MX_I2C2_Init	8	static
../Core/Src/main.c:253:13:MX_SPI2_Init	8	static
../Core/Src/main.c:291:13:MX_TIM2_Init	32	static
../Core/Src/main.c:336:13:MX_TIM3_Init	32	static
../Core/Src/main.c:381:13:MX_USART1_UART_Init	8	static
../Core/Src/main.c:414:13:MX_GPIO_Init	40	static
../Core/Src/main.c:508:6:Error_Handler	4	static,ignoring_inline_asm
