../Core/Lib/Src/ds18b20.c:33:9:isTemperSensorInit	4	static
../Core/Lib/Src/ds18b20.c:37:9:isBusy	8	static
../Core/Lib/Src/ds18b20.c:41:9:isConverting	4	static
../Core/Lib/Src/ds18b20.c:46:9:Ds18b20_Init_Simple	8	static
../Core/Lib/Src/ds18b20.c:104:6:StartConverting	8	static
../Core/Lib/Src/ds18b20.c:111:6:checkConverting	8	static
../Core/Lib/Src/ds18b20.c:117:7:getTemper	8	static
../Core/Lib/Src/ds18b20.c:254:6:DS18B20_StartAll	16	static
../Core/Lib/Src/ds18b20.c:264:6:DS18B20_Read	56	static
../Core/Lib/Src/ds18b20.c:369:9:DS18B20_GetResolution	24	static
../Core/Lib/Src/ds18b20.c:396:9:DS18B20_SetResolution	32	static
../Core/Lib/Src/ds18b20.c:461:9:DS18B20_Is	16	static
../Core/Lib/Src/ds18b20.c:470:9:DS18B20_SetAlarmLowTemperature	32	static
../Core/Lib/Src/ds18b20.c:521:9:DS18B20_SetAlarmHighTemperature	32	static
../Core/Lib/Src/ds18b20.c:572:9:DS18B20_DisableAlarmTemperature	24	static
../Core/Lib/Src/ds18b20.c:618:9:DS18B20_AlarmSearch	16	static
../Core/Lib/Src/ds18b20.c:624:9:DS18B20_AllDone	16	static
../Core/Lib/Src/ds18b20.c:630:7:getCurrentTemper	4	static
