../Core/Lib/Src/ds18b20.c:33:9:isTemperSensorInit	4	static
../Core/Lib/Src/ds18b20.c:37:9:isBusy	8	static
../Core/Lib/Src/ds18b20.c:42:9:isConverting	4	static
../Core/Lib/Src/ds18b20.c:47:9:Ds18b20_Init_Simple	8	static
../Core/Lib/Src/ds18b20.c:69:6:Ds18b20_Init	16	static
../Core/Lib/Src/ds18b20.c:105:6:StartConverting	8	static
../Core/Lib/Src/ds18b20.c:113:6:checkConverting	8	static
../Core/Lib/Src/ds18b20.c:119:7:getTemper	8	static
../Core/Lib/Src/ds18b20.c:128:6:Ds18b20_ManualConvert	24	static
../Core/Lib/Src/ds18b20.c:237:9:DS18B20_Start	16	static
../Core/Lib/Src/ds18b20.c:256:6:DS18B20_StartAll	16	static
../Core/Lib/Src/ds18b20.c:266:6:DS18B20_Read	56	static
../Core/Lib/Src/ds18b20.c:373:9:DS18B20_GetResolution	24	static
../Core/Lib/Src/ds18b20.c:400:9:DS18B20_SetResolution	32	static
../Core/Lib/Src/ds18b20.c:465:9:DS18B20_Is	16	static
../Core/Lib/Src/ds18b20.c:474:9:DS18B20_SetAlarmLowTemperature	32	static
../Core/Lib/Src/ds18b20.c:525:9:DS18B20_SetAlarmHighTemperature	32	static
../Core/Lib/Src/ds18b20.c:576:9:DS18B20_DisableAlarmTemperature	24	static
../Core/Lib/Src/ds18b20.c:622:9:DS18B20_AlarmSearch	16	static
../Core/Lib/Src/ds18b20.c:628:9:DS18B20_AllDone	16	static
../Core/Lib/Src/ds18b20.c:634:7:getCurrentTemper	4	static
