../Core/Lib/Src/onewire.c:25:9:isBusyLine	4	static
../Core/Lib/Src/onewire.c:29:6:ONEWIRE_DELAY	16	static
../Core/Lib/Src/onewire.c:35:6:ONEWIRE_LOW	16	static
../Core/Lib/Src/onewire.c:40:6:ONEWIRE_HIGH	16	static
../Core/Lib/Src/onewire.c:45:6:ONEWIRE_INPUT	32	static
../Core/Lib/Src/onewire.c:54:6:ONEWIRE_OUTPUT	32	static
../Core/Lib/Src/onewire.c:64:6:OneWire_Init	24	static
../Core/Lib/Src/onewire.c:80:16:OneWire_Reset	24	static
../Core/Lib/Src/onewire.c:103:13:OneWire_WriteBit	16	static
../Core/Lib/Src/onewire.c:152:16:OneWire_ReadBit	24	static
../Core/Lib/Src/onewire.c:189:6:OneWire_WriteByte	24	static
../Core/Lib/Src/onewire.c:199:9:OneWire_ReadByte	24	static
../Core/Lib/Src/onewire.c:209:9:OneWire_First	16	static
../Core/Lib/Src/onewire.c:217:9:OneWire_Next	16	static
../Core/Lib/Src/onewire.c:222:6:OneWire_ResetSearch	16	static
../Core/Lib/Src/onewire.c:229:9:OneWire_Search	24	static
../Core/Lib/Src/onewire.c:342:5:OneWire_Verify	48	static
../Core/Lib/Src/onewire.c:382:6:OneWire_TargetSetup	24	static
../Core/Lib/Src/onewire.c:396:6:OneWire_FamilySkipSetup	16	static
../Core/Lib/Src/onewire.c:407:9:OneWire_GetROM	16	static
../Core/Lib/Src/onewire.c:411:6:OneWire_Select	24	static
../Core/Lib/Src/onewire.c:420:6:OneWire_SelectWithPointer	24	static
../Core/Lib/Src/onewire.c:429:6:OneWire_GetFullROM	24	static
../Core/Lib/Src/onewire.c:436:9:OneWire_CRC8	24	static
