16:45:12 **** Incremental Build of configuration Debug for project first ****
make -j7 all 
arm-none-eabi-gcc "../Core/Src/main.c" -mcpu=cortex-m3 -std=gnu11 -g3 -DDEBUG -DUSE_HAL_DRIVER -DSTM32F103xB -c -I../Core/Inc -I../Drivers/STM32F1xx_HAL_Driver/Inc/Legacy -I../Drivers/STM32F1xx_HAL_Driver/Inc -I../Drivers/CMSIS/Device/ST/STM32F1xx/Include -I../Drivers/CMSIS/Include -I"/Users/seungjunyoon/STM32CubeIDE/workspace_1.15.1/first/first/Core/Lib/Inc" -O0 -ffunction-sections -fdata-sections -Wall -fstack-usage -fcyclomatic-complexity -MMD -MP -MF"Core/Src/main.d" -MT"Core/Src/main.o" --specs=nano.specs -mfloat-abi=soft -mthumb -o "Core/Src/main.o"
arm-none-eabi-gcc -o "first.elf" @"objects.list"   -mcpu=cortex-m3 -T"/Users/seungjunyoon/STM32CubeIDE/workspace_1.15.1/first/first/STM32F103C8TX_FLASH.ld" --specs=nosys.specs -Wl,-Map="first.map" -Wl,--gc-sections -static -u_printf_float --specs=nano.specs -mfloat-abi=soft -mthumb -Wl,--start-group -lc -lm -Wl,--end-group
Finished building target: first.elf
 
arm-none-eabi-size  first.elf 
arm-none-eabi-objdump -h -S first.elf  > "first.list"
   text	   data	    bss	    dec	    hex	filename
  26540	    468	   2124	  29132	   71cc	first.elf
Finished building: default.size.stdout
 
Finished building: first.list
 

16:45:13 Build Finished. 0 errors, 0 warnings. (took 1s.37ms)

